Archive member included to satisfy reference by file (symbol)

.build/obj_trongdong_default/i2c_master.a(i2c_master.o)
                              .build/obj_trongdong_default/ssd1306_sh1106.o (symbol from plugin) (i2c_init)
c:/qmk_msys/mingw64/bin/../lib/gcc/avr/8.4.0/avr5\libgcc.a(_udivmodhi4.o)
                              .build/obj_trongdong_default/i2c_master.a(i2c_master.o) (__udivmodhi4)
c:/qmk_msys/mingw64/bin/../lib/gcc/avr/8.4.0/avr5\libgcc.a(_exit.o)
                              c:/qmk_msys/mingw64/bin/../lib/gcc/avr/8.4.0/../../../../avr/lib/avr5/crtatmega32u4.o (exit)
c:/qmk_msys/mingw64/bin/../lib/gcc/avr/8.4.0/avr5\libgcc.a(_prologue.o)
                              .build/obj_trongdong_default/i2c_master.a(i2c_master.o) (__prologue_saves__)
c:/qmk_msys/mingw64/bin/../lib/gcc/avr/8.4.0/avr5\libgcc.a(_epilogue.o)
                              .build/obj_trongdong_default/i2c_master.a(i2c_master.o) (__epilogue_restores__)
c:/qmk_msys/mingw64/bin/../lib/gcc/avr/8.4.0/../../../../avr/lib/avr5\libc.a(memcpy_P.o)
                              .build/obj_trongdong_default/ssd1306_sh1106.o (symbol from plugin) (memcpy_P)
c:/qmk_msys/mingw64/bin/../lib/gcc/avr/8.4.0/../../../../avr/lib/avr5\libatmega32u4.a(eerd_byte.o)
                              .build/obj_trongdong_default/quantum/eeconfig.o (symbol from plugin) (eeprom_read_byte)
c:/qmk_msys/mingw64/bin/../lib/gcc/avr/8.4.0/../../../../avr/lib/avr5\libatmega32u4.a(eerd_dword.o)
                              .build/obj_trongdong_default/quantum/eeconfig.o (symbol from plugin) (eeprom_read_dword)
c:/qmk_msys/mingw64/bin/../lib/gcc/avr/8.4.0/../../../../avr/lib/avr5\libatmega32u4.a(eerd_word.o)
                              .build/obj_trongdong_default/quantum/eeconfig.o (symbol from plugin) (eeprom_read_word)
c:/qmk_msys/mingw64/bin/../lib/gcc/avr/8.4.0/../../../../avr/lib/avr5\libatmega32u4.a(eeupd_byte.o)
                              .build/obj_trongdong_default/quantum/eeconfig.o (symbol from plugin) (eeprom_update_byte)
c:/qmk_msys/mingw64/bin/../lib/gcc/avr/8.4.0/../../../../avr/lib/avr5\libatmega32u4.a(eeupd_dword.o)
                              .build/obj_trongdong_default/quantum/eeconfig.o (symbol from plugin) (eeprom_update_dword)
c:/qmk_msys/mingw64/bin/../lib/gcc/avr/8.4.0/../../../../avr/lib/avr5\libatmega32u4.a(eeupd_word.o)
                              .build/obj_trongdong_default/quantum/eeconfig.o (symbol from plugin) (eeprom_update_word)
c:/qmk_msys/mingw64/bin/../lib/gcc/avr/8.4.0/../../../../avr/lib/avr5\libatmega32u4.a(eerd_block.o)
                              c:/qmk_msys/mingw64/bin/../lib/gcc/avr/8.4.0/../../../../avr/lib/avr5\libatmega32u4.a(eerd_dword.o) (eeprom_read_blraw)
c:/qmk_msys/mingw64/bin/../lib/gcc/avr/8.4.0/avr5\libgcc.a(_udivmodqi4.o)
                              C:\Users\Admin\AppData\Local\Temp\ccumvrk1.ltrans0.ltrans.o (__udivmodqi4)
c:/qmk_msys/mingw64/bin/../lib/gcc/avr/8.4.0/avr5\libgcc.a(_divmodhi4.o)
                              C:\Users\Admin\AppData\Local\Temp\ccumvrk1.ltrans0.ltrans.o (__divmodhi4)
c:/qmk_msys/mingw64/bin/../lib/gcc/avr/8.4.0/avr5\libgcc.a(_udivmodsi4.o)
                              C:\Users\Admin\AppData\Local\Temp\ccumvrk1.ltrans0.ltrans.o (__udivmodsi4)
c:/qmk_msys/mingw64/bin/../lib/gcc/avr/8.4.0/avr5\libgcc.a(_divmodsi4.o)
                              C:\Users\Admin\AppData\Local\Temp\ccumvrk1.ltrans0.ltrans.o (__divmodsi4)
c:/qmk_msys/mingw64/bin/../lib/gcc/avr/8.4.0/avr5\libgcc.a(_negsi2.o)
                              c:/qmk_msys/mingw64/bin/../lib/gcc/avr/8.4.0/avr5\libgcc.a(_divmodsi4.o) (__negsi2)
c:/qmk_msys/mingw64/bin/../lib/gcc/avr/8.4.0/avr5\libgcc.a(_tablejump2.o)
                              C:\Users\Admin\AppData\Local\Temp\ccumvrk1.ltrans0.ltrans.o (__tablejump2__)
c:/qmk_msys/mingw64/bin/../lib/gcc/avr/8.4.0/avr5\libgcc.a(_copy_data.o)
                              C:\Users\Admin\AppData\Local\Temp\ccumvrk1.ltrans0.ltrans.o (__do_copy_data)
c:/qmk_msys/mingw64/bin/../lib/gcc/avr/8.4.0/avr5\libgcc.a(_clear_bss.o)
                              C:\Users\Admin\AppData\Local\Temp\ccumvrk1.ltrans0.ltrans.o (__do_clear_bss)
c:/qmk_msys/mingw64/bin/../lib/gcc/avr/8.4.0/avr5\libgcc.a(_muluhisi3.o)
                              C:\Users\Admin\AppData\Local\Temp\ccumvrk1.ltrans0.ltrans.o (__muluhisi3)
c:/qmk_msys/mingw64/bin/../lib/gcc/avr/8.4.0/avr5\libgcc.a(_mulshisi3.o)
                              C:\Users\Admin\AppData\Local\Temp\ccumvrk1.ltrans0.ltrans.o (__mulshisi3)
c:/qmk_msys/mingw64/bin/../lib/gcc/avr/8.4.0/avr5\libgcc.a(_umulhisi3.o)
                              c:/qmk_msys/mingw64/bin/../lib/gcc/avr/8.4.0/avr5\libgcc.a(_muluhisi3.o) (__umulhisi3)
c:/qmk_msys/mingw64/bin/../lib/gcc/avr/8.4.0/../../../../avr/lib/avr5\libc.a(memchr.o)
                              C:\Users\Admin\AppData\Local\Temp\ccumvrk1.ltrans0.ltrans.o (memchr)
c:/qmk_msys/mingw64/bin/../lib/gcc/avr/8.4.0/../../../../avr/lib/avr5\libc.a(memcmp.o)
[...]
Memory Configuration

Name             Origin             Length             Attributes
text             0x0000000000000000 0x0000000000020000 xr
data             0x0000000000800060 0x000000000000ffa0 rw !x
eeprom           0x0000000000810000 0x0000000000010000 rw !x
fuse             0x0000000000820000 0x0000000000000400 rw !x
lock             0x0000000000830000 0x0000000000000400 rw !x
signature        0x0000000000840000 0x0000000000000400 rw !x
user_signatures  0x0000000000850000 0x0000000000000400 rw !x
*default*        0x0000000000000000 0xffffffffffffffff

Linker script and memory map

Address of section .data set to 0x800100
LOAD c:/qmk_msys/mingw64/bin/../lib/gcc/avr/8.4.0/../../../../avr/lib/avr5/crtatmega32u4.o
LOAD .build/obj_trongdong_default/keyboards/trongdong/trongdong.o
LOAD C:\Users\Admin\AppData\Local\Temp\cciiuStYdebugobj
LOAD C:\Users\Admin\AppData\Local\Temp\ccumvrk1.ltrans0.ltrans.o
LOAD .build/obj_trongdong_default/.build/obj_trongdong/src/default_keyboard.o
LOAD .build/obj_trongdong_default/keyboards/trongdong/keymaps/default/keymap.o
LOAD .build/obj_trongdong_default/quantum/quantum.o
LOAD .build/obj_trongdong_default/quantum/send_string.o
LOAD .build/obj_trongdong_default/quantum/bitwise.o
LOAD .build/obj_trongdong_default/quantum/led.o
LOAD .build/obj_trongdong_default/quantum/action.o
LOAD .build/obj_trongdong_default/quantum/action_layer.o
LOAD .build/obj_trongdong_default/quantum/action_tapping.o
LOAD .build/obj_trongdong_default/quantum/action_util.o
LOAD .build/obj_trongdong_default/quantum/eeconfig.o
LOAD .build/obj_trongdong_default/quantum/keyboard.o
LOAD .build/obj_trongdong_default/quantum/keymap_common.o
LOAD .build/obj_trongdong_default/quantum/keycode_config.o
LOAD .build/obj_trongdong_default/quantum/sync_timer.o
LOAD .build/obj_trongdong_default/quantum/logging/debug.o
LOAD .build/obj_trongdong_default/quantum/logging/sendchar.o
LOAD .build/obj_trongdong_default/quantum/bootmagic/bootmagic_lite.o
LOAD .build/obj_trongdong_default/quantum/bootmagic/magic.o
LOAD .build/obj_trongdong_default/quantum/matrix_common.o
LOAD .build/obj_trongdong_default/quantum/matrix.o
LOAD .build/obj_trongdong_default/quantum/debounce/sym_defer_g.o
LOAD .build/obj_trongdong_default/quantum/main.o
LOAD .build/obj_trongdong_default/quantum/mousekey.o
LOAD .build/obj_trongdong_default/quantum/color.o
LOAD .build/obj_trongdong_default/quantum/rgblight/rgblight.o
LOAD .build/obj_trongdong_default/quantum/process_keycode/process_rgb.o
LOAD .build/obj_trongdong_default/ws2812.o
LOAD .build/obj_trongdong_default/quantum/led_tables.o
LOAD .build/obj_trongdong_default/ssd1306_sh1106.o
LOAD .build/obj_trongdong_default/quantum/process_keycode/process_magic.o
LOAD .build/obj_trongdong_default/quantum/process_keycode/process_grave_esc.o
LOAD .build/obj_trongdong_default/quantum/process_keycode/process_space_cadet.o
LOAD .build/obj_trongdong_default/quantum/wpm.o
LOAD .build/obj_trongdong_default/i2c_master.a
LOAD .build/obj_trongdong_default/platforms/avr/xprintf.o
LOAD .build/obj_trongdong_default/platforms/avr/printf.o
LOAD .build/obj_trongdong_default/protocol/host.o
LOAD .build/obj_trongdong_default/protocol/report.o
LOAD .build/obj_trongdong_default/protocol/usb_device_state.o
LOAD .build/obj_trongdong_default/protocol/usb_util.o
LOAD .build/obj_trongdong_default/platforms/suspend.o
LOAD .build/obj_trongdong_default/platforms/avr/hardware_id.o
LOAD .build/obj_trongdong_default/platforms/avr/platform.o
LOAD .build/obj_trongdong_default/platforms/avr/suspend.o
LOAD .build/obj_trongdong_default/platforms/avr/timer.o
LOAD .build/obj_trongdong_default/platforms/avr/bootloaders/dfu.o
LOAD .build/obj_trongdong_default/lufa.o
LOAD .build/obj_trongdong_default/usb_descriptor.o
LOAD .build/obj_trongdong_default/lib/lufa/LUFA/Drivers/USB/Class/Common/HIDParser.o
LOAD .build/obj_trongdong_default/lib/lufa/LUFA/Drivers/USB/Core/AVR8/Device_AVR8.o
LOAD .build/obj_trongdong_default/lib/lufa/LUFA/Drivers/USB/Core/AVR8/EndpointStream_AVR8.o
LOAD .build/obj_trongdong_default/lib/lufa/LUFA/Drivers/USB/Core/AVR8/Endpoint_AVR8.o
LOAD .build/obj_trongdong_default/lib/lufa/LUFA/Drivers/USB/Core/AVR8/Host_AVR8.o
LOAD .build/obj_trongdong_default/lib/lufa/LUFA/Drivers/USB/Core/AVR8/PipeStream_AVR8.o
LOAD .build/obj_trongdong_default/lib/lufa/LUFA/Drivers/USB/Core/AVR8/Pipe_AVR8.o
LOAD .build/obj_trongdong_default/lib/lufa/LUFA/Drivers/USB/Core/AVR8/USBController_AVR8.o
LOAD .build/obj_trongdong_default/lib/lufa/LUFA/Drivers/USB/Core/AVR8/USBInterrupt_AVR8.o
LOAD .build/obj_trongdong_default/lib/lufa/LUFA/Drivers/USB/Core/ConfigDescriptors.o
LOAD .build/obj_trongdong_default/lib/lufa/LUFA/Drivers/USB/Core/DeviceStandardReq.o
LOAD .build/obj_trongdong_default/lib/lufa/LUFA/Drivers/USB/Core/Events.o
LOAD .build/obj_trongdong_default/lib/lufa/LUFA/Drivers/USB/Core/HostStandardReq.o
LOAD .build/obj_trongdong_default/lib/lufa/LUFA/Drivers/USB/Core/USBTask.o
LOAD .build/obj_trongdong_default/protocol/lufa/usb_util.o
LOAD c:/qmk_msys/mingw64/bin/../lib/gcc/avr/8.4.0/../../../../avr/lib/avr5\libm.a
START GROUP
LOAD c:/qmk_msys/mingw64/bin/../lib/gcc/avr/8.4.0/avr5\libgcc.a
LOAD c:/qmk_msys/mingw64/bin/../lib/gcc/avr/8.4.0/../../../../avr/lib/avr5\libm.a
LOAD c:/qmk_msys/mingw64/bin/../lib/gcc/avr/8.4.0/../../../../avr/lib/avr5\libc.a
LOAD c:/qmk_msys/mingw64/bin/../lib/gcc/avr/8.4.0/../../../../avr/lib/avr5\libatmega32u4.a
END GROUP
                0x0000000000020000                __TEXT_REGION_LENGTH__ = DEFINED (__TEXT_REGION_LENGTH__)?__TEXT_REGION_LENGTH__:0x20000
                0x000000000000ffa0                __DATA_REGION_LENGTH__ = DEFINED (__DATA_REGION_LENGTH__)?__DATA_REGION_LENGTH__:0xffa0
                0x0000000000010000                __EEPROM_REGION_LENGTH__ = DEFINED (__EEPROM_REGION_LENGTH__)?__EEPROM_REGION_LENGTH__:0x10000
                0x0000000000000400                __FUSE_REGION_LENGTH__ = DEFINED (__FUSE_REGION_LENGTH__)?__FUSE_REGION_LENGTH__:0x400
                0x0000000000000400                __LOCK_REGION_LENGTH__ = DEFINED (__LOCK_REGION_LENGTH__)?__LOCK_REGION_LENGTH__:0x400
                0x0000000000000400                __SIGNATURE_REGION_LENGTH__ = DEFINED (__SIGNATURE_REGION_LENGTH__)?__SIGNATURE_REGION_LENGTH__:0x400
                0x0000000000000400                __USER_SIGNATURE_REGION_LENGTH__ = DEFINED (__USER_SIGNATURE_REGION_LENGTH__)?__USER_SIGNATURE_REGION_LENGTH__:0x400

.hash
 *(.hash)

.dynsym
 *(.dynsym)

.dynstr
 *(.dynstr)

.gnu.version
 *(.gnu.version)

.gnu.version_d
 *(.gnu.version_d)

.gnu.version_r
 *(.gnu.version_r)

.rel.init
 *(.rel.init)

.rela.init
 *(.rela.init)

.rel.text
 *(.rel.text)
 *(.rel.text.*)
 *(.rel.gnu.linkonce.t*)

.rela.text
 *(.rela.text)
 *(.rela.text.*)
 *(.rela.gnu.linkonce.t*)

.rel.fini
 *(.rel.fini)

.rela.fini
 *(.rela.fini)

.rel.rodata
 *(.rel.rodata)
 *(.rel.rodata.*)
 *(.rel.gnu.linkonce.r*)

.rela.rodata
 *(.rela.rodata)
 *(.rela.rodata.*)
 *(.rela.gnu.linkonce.r*)

.rel.data
 *(.rel.data)
 *(.rel.data.*)
 *(.rel.gnu.linkonce.d*)

.rela.data
 *(.rela.data)
 *(.rela.data.*)
 *(.rela.gnu.linkonce.d*)

.rel.ctors
 *(.rel.ctors)

.rela.ctors
 *(.rela.ctors)

.rel.dtors
 *(.rel.dtors)

.rela.dtors
 *(.rela.dtors)

.rel.got
 *(.rel.got)

.rela.got
 *(.rela.got)

.rel.bss
 *(.rel.bss)

.rela.bss
 *(.rela.bss)

.rel.plt
 *(.rel.plt)

.rela.plt
 *(.rela.plt)

.text           0x0000000000000000     0x611a
 *(.vectors)
 .vectors       0x0000000000000000       0xac c:/qmk_msys/mingw64/bin/../lib/gcc/avr/8.4.0/../../../../avr/lib/avr5/crtatmega32u4.o
                0x0000000000000000                __vector_default
                0x0000000000000000                __vectors
 *(.vectors)
 *(.progmem.gcc*)
                0x00000000000000ac                . = ALIGN (0x2)
                0x00000000000000ac                __trampolines_start = .
 *(.trampolines)
 .trampolines   0x00000000000000ac        0x0 linker stubs
 *(.trampolines*)
                0x00000000000000ac                __trampolines_end = .
 *libprintf_flt.a:*(.progmem.data)
 *libc.a:*(.progmem.data)
 *(.progmem.*)
 .progmem.data.tap.4360
                0x00000000000000ac      0x4f8 C:\Users\Admin\AppData\Local\Temp\ccumvrk1.ltrans0.ltrans.o
 .progmem.data.prep.4359
                0x00000000000005a4      0x27c C:\Users\Admin\AppData\Local\Temp\ccumvrk1.ltrans0.ltrans.o
 .progmem.data.idle.4358
                0x0000000000000820      0xc6c C:\Users\Admin\AppData\Local\Temp\ccumvrk1.ltrans0.ltrans.o
 .progmem.data.keymaps
                0x000000000000148c      0x1a0 C:\Users\Admin\AppData\Local\Temp\ccumvrk1.ltrans0.ltrans.o
 .progmem.data.display_setup2.2128
                0x000000000000162c        0xd C:\Users\Admin\AppData\Local\Temp\ccumvrk1.ltrans0.ltrans.o
 .progmem.data.display_flipped.2127
                0x0000000000001639        0x3 C:\Users\Admin\AppData\Local\Temp\ccumvrk1.ltrans0.ltrans.o
 .progmem.data.display_normal.2126
                0x000000000000163c        0x3 C:\Users\Admin\AppData\Local\Temp\ccumvrk1.ltrans0.ltrans.o
 .progmem.data.display_setup1.2125
                0x000000000000163f        0xd C:\Users\Admin\AppData\Local\Temp\ccumvrk1.ltrans0.ltrans.o
 .progmem.data.RGBLED_RAINBOW_SWIRL_INTERVALS
                0x000000000000164c        0x3 C:\Users\Admin\AppData\Local\Temp\ccumvrk1.ltrans0.ltrans.o
 .progmem.data.RGBLED_RAINBOW_MOOD_INTERVALS
                0x000000000000164f        0x3 C:\Users\Admin\AppData\Local\Temp\ccumvrk1.ltrans0.ltrans.o
 .progmem.data.RGBLED_BREATHING_INTERVALS
                0x0000000000001652        0x4 C:\Users\Admin\AppData\Local\Temp\ccumvrk1.ltrans0.ltrans.o
 .progmem.data.__c.4370
                0x0000000000001656        0x8 C:\Users\Admin\AppData\Local\Temp\ccumvrk1.ltrans0.ltrans.o
 .progmem.data.__c.4368
                0x000000000000165e        0x5 C:\Users\Admin\AppData\Local\Temp\ccumvrk1.ltrans0.ltrans.o
 .progmem.data.CIE1931_CURVE
                0x0000000000001663      0x100 C:\Users\Admin\AppData\Local\Temp\ccumvrk1.ltrans0.ltrans.o
 .progmem.data.rgblight_effect_breathe_table
                0x0000000000001763      0x100 C:\Users\Admin\AppData\Local\Temp\ccumvrk1.ltrans0.ltrans.o
 .progmem.data.display_on.2297
                0x0000000000001863        0x2 C:\Users\Admin\AppData\Local\Temp\ccumvrk1.ltrans0.ltrans.o
 .progmem.data.display_off.2301
                0x0000000000001865        0x2 C:\Users\Admin\AppData\Local\Temp\ccumvrk1.ltrans0.ltrans.o
 .progmem.data.SharedReport
                0x0000000000001867       0x49 C:\Users\Admin\AppData\Local\Temp\ccumvrk1.ltrans0.ltrans.o
 .progmem.data.KeyboardReport
                0x00000000000018b0       0x40 C:\Users\Admin\AppData\Local\Temp\ccumvrk1.ltrans0.ltrans.o
 .progmem.data.ConfigurationDescriptor
                0x00000000000018f0       0x3b C:\Users\Admin\AppData\Local\Temp\ccumvrk1.ltrans0.ltrans.o
 .progmem.data.DeviceDescriptor
                0x000000000000192b       0x12 C:\Users\Admin\AppData\Local\Temp\ccumvrk1.ltrans0.ltrans.o
 .progmem.data.ProductString
                0x000000000000193d       0x1e C:\Users\Admin\AppData\Local\Temp\ccumvrk1.ltrans0.ltrans.o
 .progmem.data.ManufacturerString
                0x000000000000195b        0xa C:\Users\Admin\AppData\Local\Temp\ccumvrk1.ltrans0.ltrans.o
 .progmem.data.LanguageString
                0x0000000000001965        0x4 C:\Users\Admin\AppData\Local\Temp\ccumvrk1.ltrans0.ltrans.o
 .progmem.data.font
                0x0000000000001969      0x540 C:\Users\Admin\AppData\Local\Temp\ccumvrk1.ltrans0.ltrans.o
                0x0000000000001eaa                . = ALIGN (0x2)
 *fill*         0x0000000000001ea9        0x1 
 *(.lowtext)
 *(.lowtext*)
                0x0000000000001eaa                __ctors_start = .
 *(.ctors)
                0x0000000000001eaa                __ctors_end = .
                0x0000000000001eaa                __dtors_start = .
 *(.dtors)
                0x0000000000001eaa                __dtors_end = .
 SORT_BY_NAME(*)(.ctors)
 SORT_BY_NAME(*)(.dtors)
 *(.init0)
 .init0         0x0000000000001eaa        0x0 c:/qmk_msys/mingw64/bin/../lib/gcc/avr/8.4.0/../../../../avr/lib/avr5/crtatmega32u4.o
                0x0000000000001eaa                __init
 *(.init0)
 *(.init1)
 *(.init1)
 *(.init2)
 .init2         0x0000000000001eaa        0xc c:/qmk_msys/mingw64/bin/../lib/gcc/avr/8.4.0/../../../../avr/lib/avr5/crtatmega32u4.o
 *(.init2)
 *(.init3)
 .init3         0x0000000000001eb6       0x36 C:\Users\Admin\AppData\Local\Temp\ccumvrk1.ltrans0.ltrans.o
                0x0000000000001eb6                bootloader_jump_after_watchdog_reset
 *(.init3)
 *(.init4)
 .init4         0x0000000000001eec       0x16 c:/qmk_msys/mingw64/bin/../lib/gcc/avr/8.4.0/avr5\libgcc.a(_copy_data.o)
                0x0000000000001eec                __do_copy_data
 .init4         0x0000000000001f02       0x10 c:/qmk_msys/mingw64/bin/../lib/gcc/avr/8.4.0/avr5\libgcc.a(_clear_bss.o)
                0x0000000000001f02                __do_clear_bss
 *(.init4)
 *(.init5)
 *(.init5)
 *(.init6)
 *(.init6)
 *(.init7)
 *(.init7)
 *(.init8)
 *(.init8)
 *(.init9)
 .init9         0x0000000000001f12        0x8 c:/qmk_msys/mingw64/bin/../lib/gcc/avr/8.4.0/../../../../avr/lib/avr5/crtatmega32u4.o
 *(.init9)
 *(.text)
 .text          0x0000000000001f1a        0x4 c:/qmk_msys/mingw64/bin/../lib/gcc/avr/8.4.0/../../../../avr/lib/avr5/crtatmega32u4.o
                0x0000000000001f1a                __vector_38
                0x0000000000001f1a                __vector_22
                0x0000000000001f1a                __vector_28
                0x0000000000001f1a                __vector_1
                0x0000000000001f1a                __vector_32
                0x0000000000001f1a                __vector_34
                0x0000000000001f1a                __vector_24
                0x0000000000001f1a                __bad_interrupt
                0x0000000000001f1a                __vector_6
                0x0000000000001f1a                __vector_31
                0x0000000000001f1a                __vector_35
                0x0000000000001f1a                __vector_39
                0x0000000000001f1a                __vector_3
                0x0000000000001f1a                __vector_23
                0x0000000000001f1a                __vector_30
                0x0000000000001f1a                __vector_25
                0x0000000000001f1a                __vector_13
                0x0000000000001f1a                __vector_17
                0x0000000000001f1a                __vector_19
                0x0000000000001f1a                __vector_7
                0x0000000000001f1a                __vector_41
                0x0000000000001f1a                __vector_27
                0x0000000000001f1a                __vector_5
                0x0000000000001f1a                __vector_33
                0x0000000000001f1a                __vector_37
                0x0000000000001f1a                __vector_4
                0x0000000000001f1a                __vector_9
                0x0000000000001f1a                __vector_2
                0x0000000000001f1a                __vector_15
                0x0000000000001f1a                __vector_36
                0x0000000000001f1a                __vector_29
                0x0000000000001f1a                __vector_40
                0x0000000000001f1a                __vector_8
                0x0000000000001f1a                __vector_26
                0x0000000000001f1a                __vector_14
                0x0000000000001f1a                __vector_16
                0x0000000000001f1a                __vector_18
                0x0000000000001f1a                __vector_20
                0x0000000000001f1a                __vector_42
                0x0000000000001f1e                . = ALIGN (0x2)
 *(.text.*)
 .text.oled_write_raw_P.constprop.43
                0x0000000000001f1e       0x86 C:\Users\Admin\AppData\Local\Temp\ccumvrk1.ltrans0.ltrans.o
 .text.USB_Disable
                0x0000000000001fa4       0x3e C:\Users\Admin\AppData\Local\Temp\ccumvrk1.ltrans0.ltrans.o
 .text.Endpoint_WaitUntilReady
                0x0000000000001fe2       0x62 C:\Users\Admin\AppData\Local\Temp\ccumvrk1.ltrans0.ltrans.o
 .text.Endpoint_Write_Stream_LE.constprop.0
                0x0000000000002044       0x54 C:\Users\Admin\AppData\Local\Temp\ccumvrk1.ltrans0.ltrans.o
 .text.Endpoint_ClearStatusStage
                0x0000000000002098       0x3e C:\Users\Admin\AppData\Local\Temp\ccumvrk1.ltrans0.ltrans.o
 .text.Endpoint_ConfigureEndpoint_Prv
                0x00000000000020d6       0x64 C:\Users\Admin\AppData\Local\Temp\ccumvrk1.ltrans0.ltrans.o
 .text.USB_Init
                0x000000000000213a       0xb6 C:\Users\Admin\AppData\Local\Temp\ccumvrk1.ltrans0.ltrans.o
 .text.Endpoint_Write_Control_Stream_LE
                0x00000000000021f0       0xbc C:\Users\Admin\AppData\Local\Temp\ccumvrk1.ltrans0.ltrans.o
 .text.send_programmable_button
                0x00000000000022ac        0x2 C:\Users\Admin\AppData\Local\Temp\ccumvrk1.ltrans0.ltrans.o
 .text.send_system
                0x00000000000022ae        0x2 C:\Users\Admin\AppData\Local\Temp\ccumvrk1.ltrans0.ltrans.o
 .text.send_consumer
                0x00000000000022b0        0x2 C:\Users\Admin\AppData\Local\Temp\ccumvrk1.ltrans0.ltrans.o
 .text.keyboard_leds
                0x00000000000022b2        0x6 C:\Users\Admin\AppData\Local\Temp\ccumvrk1.ltrans0.ltrans.o
 .text.timer_read32
                0x00000000000022b8       0x18 C:\Users\Admin\AppData\Local\Temp\ccumvrk1.ltrans0.ltrans.o
 .text.host_keyboard_leds
                0x00000000000022d0       0x1a C:\Users\Admin\AppData\Local\Temp\ccumvrk1.ltrans0.ltrans.o
 .text.handleKeycodeRGB
                0x00000000000022ea        0xc C:\Users\Admin\AppData\Local\Temp\ccumvrk1.ltrans0.ltrans.o
 .text.rgblight_effect_dummy
                0x00000000000022f6        0x2 C:\Users\Admin\AppData\Local\Temp\ccumvrk1.ltrans0.ltrans.o
 .text.rgblight_check_config
                0x00000000000022f8       0x1e C:\Users\Admin\AppData\Local\Temp\ccumvrk1.ltrans0.ltrans.o
 .text.sethsv_raw
                0x0000000000002316      0x12c C:\Users\Admin\AppData\Local\Temp\ccumvrk1.ltrans0.ltrans.o
 .text.mousekey_off
                0x0000000000002442       0xf2 C:\Users\Admin\AppData\Local\Temp\ccumvrk1.ltrans0.ltrans.o
 .text.wheel_unit
                0x0000000000002534       0x44 C:\Users\Admin\AppData\Local\Temp\ccumvrk1.ltrans0.ltrans.o
 .text.move_unit
                0x0000000000002578       0x40 C:\Users\Admin\AppData\Local\Temp\ccumvrk1.ltrans0.ltrans.o
 .text.mousekey_on
                0x00000000000025b8       0xb4 C:\Users\Admin\AppData\Local\Temp\ccumvrk1.ltrans0.ltrans.o
 .text.sendchar
                0x000000000000266c        0x4 C:\Users\Admin\AppData\Local\Temp\ccumvrk1.ltrans0.ltrans.o
 .text.setPinInputHigh_atomic
                0x0000000000002670       0x2e C:\Users\Admin\AppData\Local\Temp\ccumvrk1.ltrans0.ltrans.o
 .text.keymap_key_to_keycode
                0x000000000000269e       0x36 C:\Users\Admin\AppData\Local\Temp\ccumvrk1.ltrans0.ltrans.o
 .text.action_for_keycode
                0x00000000000026d4      0x2c8 C:\Users\Admin\AppData\Local\Temp\ccumvrk1.ltrans0.ltrans.o
 .text.del_key  0x000000000000299c       0x1a C:\Users\Admin\AppData\Local\Temp\ccumvrk1.ltrans0.ltrans.o
 .text.add_key  0x00000000000029b6       0x32 C:\Users\Admin\AppData\Local\Temp\ccumvrk1.ltrans0.ltrans.o
 .text.layer_switch_get_layer
                0x00000000000029e8       0x78 C:\Users\Admin\AppData\Local\Temp\ccumvrk1.ltrans0.ltrans.o
 .text.read_source_layers_cache
                0x0000000000002a60       0x6a C:\Users\Admin\AppData\Local\Temp\ccumvrk1.ltrans0.ltrans.o
 .text.update_source_layers_cache
                0x0000000000002aca       0x70 C:\Users\Admin\AppData\Local\Temp\ccumvrk1.ltrans0.ltrans.o
 .text.animation_phase.4362
                0x0000000000002b3a       0x7a C:\Users\Admin\AppData\Local\Temp\ccumvrk1.ltrans0.ltrans.o
 .text.i2c_transmit_P.constprop.42
                0x0000000000002bb4       0x54 C:\Users\Admin\AppData\Local\Temp\ccumvrk1.ltrans0.ltrans.o
 .text.oled_off
                0x0000000000002c08       0x36 C:\Users\Admin\AppData\Local\Temp\ccumvrk1.ltrans0.ltrans.o
 .text.oled_on  0x0000000000002c3e       0x50 C:\Users\Admin\AppData\Local\Temp\ccumvrk1.ltrans0.ltrans.o
 .text.oled_write_char.constprop.40
                0x0000000000002c8e      0x15c C:\Users\Admin\AppData\Local\Temp\ccumvrk1.ltrans0.ltrans.o
 .text.send_keyboard_report
                0x0000000000002dea       0x4e C:\Users\Admin\AppData\Local\Temp\ccumvrk1.ltrans0.ltrans.o
 .text.unregister_mods
                0x0000000000002e38       0x16 C:\Users\Admin\AppData\Local\Temp\ccumvrk1.ltrans0.ltrans.o
 .text.register_mods
                0x0000000000002e4e       0x14 C:\Users\Admin\AppData\Local\Temp\ccumvrk1.ltrans0.ltrans.o
 .text.send_mouse
                0x0000000000002e62       0x42 C:\Users\Admin\AppData\Local\Temp\ccumvrk1.ltrans0.ltrans.o
 .text.send_keyboard
                0x0000000000002ea4       0x5a C:\Users\Admin\AppData\Local\Temp\ccumvrk1.ltrans0.ltrans.o
 .text.bootloader_jump
                0x0000000000002efe       0x48 C:\Users\Admin\AppData\Local\Temp\ccumvrk1.ltrans0.ltrans.o
 .text.rgblight_set
                0x0000000000002f46       0x6a C:\Users\Admin\AppData\Local\Temp\ccumvrk1.ltrans0.ltrans.o
 .text.rgblight_effect_rainbow_swirl
                0x0000000000002fb0       0x54 C:\Users\Admin\AppData\Local\Temp\ccumvrk1.ltrans0.ltrans.o
 .text.rgblight_setrgb
                0x0000000000003004       0x22 C:\Users\Admin\AppData\Local\Temp\ccumvrk1.ltrans0.ltrans.o
 .text.rgblight_sethsv_noeeprom_old
                0x0000000000003026       0x30 C:\Users\Admin\AppData\Local\Temp\ccumvrk1.ltrans0.ltrans.o
 .text.rgblight_effect_rainbow_mood
                0x0000000000003056       0x20 C:\Users\Admin\AppData\Local\Temp\ccumvrk1.ltrans0.ltrans.o
 .text.rgblight_effect_breathing
                0x0000000000003076       0x28 C:\Users\Admin\AppData\Local\Temp\ccumvrk1.ltrans0.ltrans.o
 .text.eeconfig_update_rgblight
                0x000000000000309e       0x26 C:\Users\Admin\AppData\Local\Temp\ccumvrk1.ltrans0.ltrans.o
 .text.rgblight_sethsv_eeprom_helper
                0x00000000000030c4       0x8e C:\Users\Admin\AppData\Local\Temp\ccumvrk1.ltrans0.ltrans.o
 .text.rgblight_decrease_val
                0x0000000000003152       0x1a C:\Users\Admin\AppData\Local\Temp\ccumvrk1.ltrans0.ltrans.o
 .text.rgblight_increase_val
                0x000000000000316c       0x1a C:\Users\Admin\AppData\Local\Temp\ccumvrk1.ltrans0.ltrans.o
 .text.rgblight_decrease_sat
                0x0000000000003186       0x1a C:\Users\Admin\AppData\Local\Temp\ccumvrk1.ltrans0.ltrans.o
 .text.rgblight_increase_sat
                0x00000000000031a0       0x1a C:\Users\Admin\AppData\Local\Temp\ccumvrk1.ltrans0.ltrans.o
 .text.rgblight_decrease_hue
                0x00000000000031ba       0x14 C:\Users\Admin\AppData\Local\Temp\ccumvrk1.ltrans0.ltrans.o
 .text.rgblight_increase_hue
                0x00000000000031ce       0x14 C:\Users\Admin\AppData\Local\Temp\ccumvrk1.ltrans0.ltrans.o
 .text.rgblight_decrease_speed
                0x00000000000031e2       0x24 C:\Users\Admin\AppData\Local\Temp\ccumvrk1.ltrans0.ltrans.o
 .text.rgblight_increase_speed
                0x0000000000003206       0x24 C:\Users\Admin\AppData\Local\Temp\ccumvrk1.ltrans0.ltrans.o
 .text.eeconfig_update_rgblight_default
                0x000000000000322a       0x20 C:\Users\Admin\AppData\Local\Temp\ccumvrk1.ltrans0.ltrans.o
 .text.eeconfig_read_keymap
                0x000000000000324a       0x1c C:\Users\Admin\AppData\Local\Temp\ccumvrk1.ltrans0.ltrans.o
 .text.eeconfig_init_quantum
                0x0000000000003266       0xd8 C:\Users\Admin\AppData\Local\Temp\ccumvrk1.ltrans0.ltrans.o
 .text.__vector_10
                0x000000000000333e      0x1b2 C:\Users\Admin\AppData\Local\Temp\ccumvrk1.ltrans0.ltrans.o
                0x000000000000333e                __vector_10
 .text.__vector_21
                0x00000000000034f0       0x48 C:\Users\Admin\AppData\Local\Temp\ccumvrk1.ltrans0.ltrans.o
                0x00000000000034f0                __vector_21
 .text.timer_elapsed
                0x0000000000003538       0x1e C:\Users\Admin\AppData\Local\Temp\ccumvrk1.ltrans0.ltrans.o
                0x0000000000003538                timer_elapsed
 .text.timer_read
                0x0000000000003556       0x18 C:\Users\Admin\AppData\Local\Temp\ccumvrk1.ltrans0.ltrans.o
                0x0000000000003556                timer_read
 .text.rgblight_timer_enable
                0x000000000000356e       0x2c C:\Users\Admin\AppData\Local\Temp\ccumvrk1.ltrans0.ltrans.o
 .text.rgblight_mode_eeprom_helper
                0x000000000000359a       0x76 C:\Users\Admin\AppData\Local\Temp\ccumvrk1.ltrans0.ltrans.o
 .text.rgblight_step_reverse
                0x0000000000003610       0x14 C:\Users\Admin\AppData\Local\Temp\ccumvrk1.ltrans0.ltrans.o
 .text.rgblight_step
                0x0000000000003624       0x16 C:\Users\Admin\AppData\Local\Temp\ccumvrk1.ltrans0.ltrans.o
 .text.handleKeycodeRGBMode
                0x000000000000363a       0x20 C:\Users\Admin\AppData\Local\Temp\ccumvrk1.ltrans0.ltrans.o
 .text.mousekey_send
                0x000000000000365a       0x4e C:\Users\Admin\AppData\Local\Temp\ccumvrk1.ltrans0.ltrans.o
 .text.clear_keyboard_but_mods_and_keys
                0x00000000000036a8       0x28 C:\Users\Admin\AppData\Local\Temp\ccumvrk1.ltrans0.ltrans.o
 .text.layer_state_set
                0x00000000000036d0       0x16 C:\Users\Admin\AppData\Local\Temp\ccumvrk1.ltrans0.ltrans.o
 .text.default_layer_state_set
                0x00000000000036e6       0x16 C:\Users\Admin\AppData\Local\Temp\ccumvrk1.ltrans0.ltrans.o
 .text.clear_keyboard
                0x00000000000036fc       0x18 C:\Users\Admin\AppData\Local\Temp\ccumvrk1.ltrans0.ltrans.o
 .text.USB_Device_ProcessControlRequest
                0x0000000000003714      0x562 C:\Users\Admin\AppData\Local\Temp\ccumvrk1.ltrans0.ltrans.o
 .text.__vector_11
                0x0000000000003c76       0x88 C:\Users\Admin\AppData\Local\Temp\ccumvrk1.ltrans0.ltrans.o
                0x0000000000003c76                __vector_11
 .text.soft_reset_keyboard
                0x0000000000003cfe       0x2c C:\Users\Admin\AppData\Local\Temp\ccumvrk1.ltrans0.ltrans.o
 .text.unregister_code
                0x0000000000003d2a      0x102 C:\Users\Admin\AppData\Local\Temp\ccumvrk1.ltrans0.ltrans.o
 .text.register_code
                0x0000000000003e2c       0xf8 C:\Users\Admin\AppData\Local\Temp\ccumvrk1.ltrans0.ltrans.o
 .text.perform_space_cadet.constprop.24
                0x0000000000003f24       0xc0 C:\Users\Admin\AppData\Local\Temp\ccumvrk1.ltrans0.ltrans.o
 .text.action_exec
                0x0000000000003fe4      0x970 C:\Users\Admin\AppData\Local\Temp\ccumvrk1.ltrans0.ltrans.o
 .text.matrix_scan
                0x0000000000004954      0x18e C:\Users\Admin\AppData\Local\Temp\ccumvrk1.ltrans0.ltrans.o
 .text.__vector_12
                0x0000000000004ae2       0x4e C:\Users\Admin\AppData\Local\Temp\ccumvrk1.ltrans0.ltrans.o
                0x0000000000004ae2                __vector_12
 .text.startup.main
                0x0000000000004b30      0xc52 C:\Users\Admin\AppData\Local\Temp\ccumvrk1.ltrans0.ltrans.o
                0x0000000000004b30                main
 .text.i2c_init
                0x0000000000005782        0xc .build/obj_trongdong_default/i2c_master.a(i2c_master.o)
                0x0000000000005782                i2c_init
 .text.i2c_start
                0x000000000000578e       0xdc .build/obj_trongdong_default/i2c_master.a(i2c_master.o)
                0x000000000000578e                i2c_start
 .text.i2c_write
                0x000000000000586a       0x5e .build/obj_trongdong_default/i2c_master.a(i2c_master.o)
                0x000000000000586a                i2c_write
 .text.i2c_transmit
                0x00000000000058c8       0x42 .build/obj_trongdong_default/i2c_master.a(i2c_master.o)
                0x00000000000058c8                i2c_transmit
 .text.i2c_writeReg
                0x000000000000590a       0x4e .build/obj_trongdong_default/i2c_master.a(i2c_master.o)
                0x000000000000590a                i2c_writeReg
 .text.i2c_stop
                0x0000000000005958        0x8 .build/obj_trongdong_default/i2c_master.a(i2c_master.o)
                0x0000000000005958                i2c_stop
 .text.libgcc.div
                0x0000000000005960       0x28 c:/qmk_msys/mingw64/bin/../lib/gcc/avr/8.4.0/avr5\libgcc.a(_udivmodhi4.o)
                0x0000000000005960                __udivmodhi4
 .text.libgcc.prologue
                0x0000000000005988       0x38 c:/qmk_msys/mingw64/bin/../lib/gcc/avr/8.4.0/avr5\libgcc.a(_prologue.o)
                0x0000000000005988                __prologue_saves__
 .text.libgcc.prologue
                0x00000000000059c0       0x36 c:/qmk_msys/mingw64/bin/../lib/gcc/avr/8.4.0/avr5\libgcc.a(_epilogue.o)
                0x00000000000059c0                __epilogue_restores__
 .text.libgcc.div
                0x00000000000059f6       0x18 c:/qmk_msys/mingw64/bin/../lib/gcc/avr/8.4.0/avr5\libgcc.a(_udivmodqi4.o)
                0x00000000000059f6                __udivmodqi4
 .text.libgcc.div
                0x0000000000005a0e       0x28 c:/qmk_msys/mingw64/bin/../lib/gcc/avr/8.4.0/avr5\libgcc.a(_divmodhi4.o)
                0x0000000000005a0e                _div
                0x0000000000005a0e                __divmodhi4
 .text.libgcc.div
                0x0000000000005a36       0x44 c:/qmk_msys/mingw64/bin/../lib/gcc/avr/8.4.0/avr5\libgcc.a(_udivmodsi4.o)
                0x0000000000005a36                __udivmodsi4
 .text.libgcc.div
                0x0000000000005a7a       0x2e c:/qmk_msys/mingw64/bin/../lib/gcc/avr/8.4.0/avr5\libgcc.a(_divmodsi4.o)
                0x0000000000005a7a                __divmodsi4
 .text.libgcc.div
                0x0000000000005aa8       0x10 c:/qmk_msys/mingw64/bin/../lib/gcc/avr/8.4.0/avr5\libgcc.a(_negsi2.o)
                0x0000000000005aa8                __negsi2
 .text.libgcc   0x0000000000005ab8        0xc c:/qmk_msys/mingw64/bin/../lib/gcc/avr/8.4.0/avr5\libgcc.a(_tablejump2.o)
                0x0000000000005ab8                __tablejump2__
 .text.libgcc.mul
                0x0000000000005ac4       0x16 c:/qmk_msys/mingw64/bin/../lib/gcc/avr/8.4.0/avr5\libgcc.a(_muluhisi3.o)
                0x0000000000005ac4                __muluhisi3
 .text.libgcc.mul
                0x0000000000005ada       0x10 c:/qmk_msys/mingw64/bin/../lib/gcc/avr/8.4.0/avr5\libgcc.a(_mulshisi3.o)
                0x0000000000005ada                __mulshisi3
                0x0000000000005ae0                __mulohisi3
 .text.libgcc.mul
                0x0000000000005aea       0x1e c:/qmk_msys/mingw64/bin/../lib/gcc/avr/8.4.0/avr5\libgcc.a(_umulhisi3.o)
                0x0000000000005aea                __umulhisi3
 .text.avr-libc
                0x0000000000005b08       0x12 c:/qmk_msys/mingw64/bin/../lib/gcc/avr/8.4.0/../../../../avr/lib/avr5\libc.a(memcpy_P.o)
                0x0000000000005b08                memcpy_P
 .text.avr-libc
                0x0000000000005b1a       0x1a c:/qmk_msys/mingw64/bin/../lib/gcc/avr/8.4.0/../../../../avr/lib/avr5\libc.a(memchr.o)
                0x0000000000005b1a                memchr
 .text.avr-libc
                0x0000000000005b34       0x1a c:/qmk_msys/mingw64/bin/../lib/gcc/avr/8.4.0/../../../../avr/lib/avr5\libc.a(memcmp.o)
                0x0000000000005b34                memcmp
 .text.avr-libc
                0x0000000000005b4e       0x46 c:/qmk_msys/mingw64/bin/../lib/gcc/avr/8.4.0/../../../../avr/lib/avr5\libc.a(sprintf.o)
                0x0000000000005b4e                sprintf
 .text.avr-libc
                0x0000000000005b94      0x396 c:/qmk_msys/mingw64/bin/../lib/gcc/avr/8.4.0/../../../../avr/lib/avr5\libc.a(vfprintf_std.o)
                0x0000000000005b94                vfprintf
 .text.avr-libc
                0x0000000000005f2a       0x16 c:/qmk_msys/mingw64/bin/../lib/gcc/avr/8.4.0/../../../../avr/lib/avr5\libc.a(strnlen_P.o)
                0x0000000000005f2a                strnlen_P
 .text.avr-libc
                0x0000000000005f40       0x16 c:/qmk_msys/mingw64/bin/../lib/gcc/avr/8.4.0/../../../../avr/lib/avr5\libc.a(strnlen.o)
                0x0000000000005f40                strnlen
 .text.avr-libc
                0x0000000000005f56       0x60 c:/qmk_msys/mingw64/bin/../lib/gcc/avr/8.4.0/../../../../avr/lib/avr5\libc.a(fputc.o)
                0x0000000000005f56                fputc
 .text.avr-libc
                0x0000000000005fb6       0xbc c:/qmk_msys/mingw64/bin/../lib/gcc/avr/8.4.0/../../../../avr/lib/avr5\libc.a(ultoa_invert.o)
                0x0000000000005fb6                __ultoa_invert
 .text.avr-libc
                0x0000000000006072       0x10 c:/qmk_msys/mingw64/bin/../lib/gcc/avr/8.4.0/../../../../avr/lib/avr5\libatmega32u4.a(eerd_byte.o)
                0x0000000000006072                eeprom_read_byte
 .text.avr-libc
                0x0000000000006082        0xc c:/qmk_msys/mingw64/bin/../lib/gcc/avr/8.4.0/../../../../avr/lib/avr5\libatmega32u4.a(eerd_dword.o)
                0x0000000000006082                eeprom_read_float
                0x0000000000006082                eeprom_read_dword
 .text.avr-libc
                0x000000000000608e        0xc c:/qmk_msys/mingw64/bin/../lib/gcc/avr/8.4.0/../../../../avr/lib/avr5\libatmega32u4.a(eerd_word.o)
                0x000000000000608e                eeprom_read_word
 .text.avr-libc
                0x000000000000609a       0x24 c:/qmk_msys/mingw64/bin/../lib/gcc/avr/8.4.0/../../../../avr/lib/avr5\libatmega32u4.a(eeupd_byte.o)
                0x000000000000609a                eeprom_update_byte
                0x000000000000609c                eeprom_update_r18
 .text.avr-libc
                0x00000000000060be       0x18 c:/qmk_msys/mingw64/bin/../lib/gcc/avr/8.4.0/../../../../avr/lib/avr5\libatmega32u4.a(eeupd_dword.o)
                0x00000000000060be                eeprom_update_float
                0x00000000000060be                eeprom_update_dword
 .text.avr-libc
                0x00000000000060d6        0xc c:/qmk_msys/mingw64/bin/../lib/gcc/avr/8.4.0/../../../../avr/lib/avr5\libatmega32u4.a(eeupd_word.o)
                0x00000000000060d6                eeprom_update_word
 .text.avr-libc
                0x00000000000060e2       0x20 c:/qmk_msys/mingw64/bin/../lib/gcc/avr/8.4.0/../../../../avr/lib/avr5\libatmega32u4.a(eerd_block.o)
                0x00000000000060e2                eeprom_read_block
                0x00000000000060e6                eeprom_read_blraw
                0x0000000000006102                . = ALIGN (0x2)
 *(.fini9)
 .fini9         0x0000000000006102        0x0 c:/qmk_msys/mingw64/bin/../lib/gcc/avr/8.4.0/avr5\libgcc.a(_exit.o)
                0x0000000000006102                _exit
                0x0000000000006102                exit
 *(.fini9)
 *(.fini8)
 *(.fini8)
 *(.fini7)
 *(.fini7)
 *(.fini6)
 *(.fini6)
 *(.fini5)
 *(.fini5)
 *(.fini4)
 *(.fini4)
 *(.fini3)
 *(.fini3)
 *(.fini2)
 *(.fini2)
 *(.fini1)
 *(.fini1)
 *(.fini0)
 .fini0         0x0000000000006102        0x4 c:/qmk_msys/mingw64/bin/../lib/gcc/avr/8.4.0/avr5\libgcc.a(_exit.o)
 *(.fini0)
 *(.hightext)
 *(.hightext*)
 *(.progmemx.*)
                0x0000000000006106                . = ALIGN (0x2)
 *(.jumptables)
 *(.jumptables*)
 .jumptables.gcc.USB_Device_ProcessControlRequest
                0x0000000000006106       0x14 C:\Users\Admin\AppData\Local\Temp\ccumvrk1.ltrans0.ltrans.o
                0x000000000000611a                _etext = .

.data           0x0000000000800100       0x48 load address 0x000000000000611a
                0x0000000000800100                PROVIDE (__data_start = .)
 *(.data)
 *(.data*)
 .data.lufa_driver
                0x0000000000800100        0xc C:\Users\Admin\AppData\Local\Temp\ccumvrk1.ltrans0.ltrans.o
 .data.periods  0x000000000080010c        0x1 C:\Users\Admin\AppData\Local\Temp\ccumvrk1.ltrans0.ltrans.o
 .data.display_start.2174
                0x000000000080010d        0x7 C:\Users\Admin\AppData\Local\Temp\ccumvrk1.ltrans0.ltrans.o
 .data.static_effect_table
                0x0000000000800114        0x1 C:\Users\Admin\AppData\Local\Temp\ccumvrk1.ltrans0.ltrans.o
 .data.keyboard_protocol
                0x0000000000800115        0x1 C:\Users\Admin\AppData\Local\Temp\ccumvrk1.ltrans0.ltrans.o
 *(.gnu.linkonce.d*)
 *(.rodata)
 *(.rodata*)
 .rodata.main.str1.1
                0x0000000000800116        0x9 C:\Users\Admin\AppData\Local\Temp\ccumvrk1.ltrans0.ltrans.o
 .rodata.row_pins
                0x000000000080011f        0x4 C:\Users\Admin\AppData\Local\Temp\ccumvrk1.ltrans0.ltrans.o
 .rodata.col_pins
                0x0000000000800123        0xd C:\Users\Admin\AppData\Local\Temp\ccumvrk1.ltrans0.ltrans.o
 .rodata.source_map.2175
                0x0000000000800130        0x4 C:\Users\Admin\AppData\Local\Temp\ccumvrk1.ltrans0.ltrans.o
 .rodata.target_map.2176
                0x0000000000800134        0x4 C:\Users\Admin\AppData\Local\Temp\ccumvrk1.ltrans0.ltrans.o
 .rodata.mode_base_table
                0x0000000000800138        0xf C:\Users\Admin\AppData\Local\Temp\ccumvrk1.ltrans0.ltrans.o
 *(.gnu.linkonce.r*)
                0x0000000000800148                . = ALIGN (0x2)
 *fill*         0x0000000000800147        0x1 
                0x0000000000800148                _edata = .
                0x0000000000800148                PROVIDE (__data_end = .)

.bss            0x0000000000800148      0x359
                0x0000000000800148                PROVIDE (__bss_start = .)
 *(.bss)
 .bss           0x0000000000800148        0x2 .build/obj_trongdong_default/platforms/avr/xprintf.o
                0x0000000000800148                xfunc_out
 *(.bss*)
 .bss.__compound_literal.0
                0x000000000080014a        0x8 C:\Users\Admin\AppData\Local\Temp\ccumvrk1.ltrans0.ltrans.o
 .bss.current_tap_frame
                0x0000000000800152        0x1 C:\Users\Admin\AppData\Local\Temp\ccumvrk1.ltrans0.ltrans.o
 .bss.current_idle_frame
                0x0000000000800153        0x1 C:\Users\Admin\AppData\Local\Temp\ccumvrk1.ltrans0.ltrans.o
 .bss.grave_esc_was_shifted
                0x0000000000800154        0x1 C:\Users\Admin\AppData\Local\Temp\ccumvrk1.ltrans0.ltrans.o
 .bss.last_system_report
                0x0000000000800155        0x2 C:\Users\Admin\AppData\Local\Temp\ccumvrk1.ltrans0.ltrans.o
 .bss.last_consumer_report
                0x0000000000800157        0x2 C:\Users\Admin\AppData\Local\Temp\ccumvrk1.ltrans0.ltrans.o
 .bss.source_layers_cache
                0x0000000000800159       0x23 C:\Users\Admin\AppData\Local\Temp\ccumvrk1.ltrans0.ltrans.o
 .bss.last_report.2810
                0x000000000080017c        0x8 C:\Users\Admin\AppData\Local\Temp\ccumvrk1.ltrans0.ltrans.o
 .bss.weak_mods
                0x0000000000800184        0x1 C:\Users\Admin\AppData\Local\Temp\ccumvrk1.ltrans0.ltrans.o
 .bss.real_mods
                0x0000000000800185        0x1 C:\Users\Admin\AppData\Local\Temp\ccumvrk1.ltrans0.ltrans.o
 .bss.default_layer_state
                0x0000000000800186        0x4 C:\Users\Admin\AppData\Local\Temp\ccumvrk1.ltrans0.ltrans.o
 .bss.debouncing_time
                0x000000000080018a        0x2 C:\Users\Admin\AppData\Local\Temp\ccumvrk1.ltrans0.ltrans.o
 .bss.debouncing
                0x000000000080018c        0x1 C:\Users\Admin\AppData\Local\Temp\ccumvrk1.ltrans0.ltrans.o
 .bss.raw_matrix
                0x000000000080018d        0x8 C:\Users\Admin\AppData\Local\Temp\ccumvrk1.ltrans0.ltrans.o
 .bss.layer_state
                0x0000000000800195        0x4 C:\Users\Admin\AppData\Local\Temp\ccumvrk1.ltrans0.ltrans.o
 .bss.keymap_config
                0x0000000000800199        0x2 C:\Users\Admin\AppData\Local\Temp\ccumvrk1.ltrans0.ltrans.o
 .bss.is_rgblight_initialized
                0x000000000080019b        0x1 C:\Users\Admin\AppData\Local\Temp\ccumvrk1.ltrans0.ltrans.o
 .bss.pre_suspend_enabled
                0x000000000080019c        0x1 C:\Users\Admin\AppData\Local\Temp\ccumvrk1.ltrans0.ltrans.o
 .bss.is_suspended
                0x000000000080019d        0x1 C:\Users\Admin\AppData\Local\Temp\ccumvrk1.ltrans0.ltrans.o
 .bss.matrix    0x000000000080019e        0x8 C:\Users\Admin\AppData\Local\Temp\ccumvrk1.ltrans0.ltrans.o
 .bss.debug_config
                0x00000000008001a6        0x1 C:\Users\Admin\AppData\Local\Temp\ccumvrk1.ltrans0.ltrans.o
 .bss.matrix_prev.4244
                0x00000000008001a7        0x8 C:\Users\Admin\AppData\Local\Temp\ccumvrk1.ltrans0.ltrans.o
 .bss.next_wpm  0x00000000008001af        0x1 C:\Users\Admin\AppData\Local\Temp\ccumvrk1.ltrans0.ltrans.o
 .bss.prev_wpm  0x00000000008001b0        0x1 C:\Users\Admin\AppData\Local\Temp\ccumvrk1.ltrans0.ltrans.o
 .bss.smoothing_timer
                0x00000000008001b1        0x4 C:\Users\Admin\AppData\Local\Temp\ccumvrk1.ltrans0.ltrans.o
 .bss.current_period
                0x00000000008001b5        0x1 C:\Users\Admin\AppData\Local\Temp\ccumvrk1.ltrans0.ltrans.o
 .bss.wpm_timer
                0x00000000008001b6        0x4 C:\Users\Admin\AppData\Local\Temp\ccumvrk1.ltrans0.ltrans.o
 .bss.period_presses
                0x00000000008001ba       0x32 C:\Users\Admin\AppData\Local\Temp\ccumvrk1.ltrans0.ltrans.o
 .bss.anim_sleep
                0x00000000008001ec        0x4 C:\Users\Admin\AppData\Local\Temp\ccumvrk1.ltrans0.ltrans.o
 .bss.anim_timer
                0x00000000008001f0        0x4 C:\Users\Admin\AppData\Local\Temp\ccumvrk1.ltrans0.ltrans.o
 .bss.current_wpm
                0x00000000008001f4        0x1 C:\Users\Admin\AppData\Local\Temp\ccumvrk1.ltrans0.ltrans.o
 .bss.wpm_str   0x00000000008001f5        0xa C:\Users\Admin\AppData\Local\Temp\ccumvrk1.ltrans0.ltrans.o
 .bss.temp_buffer.2177
                0x00000000008001ff       0x20 C:\Users\Admin\AppData\Local\Temp\ccumvrk1.ltrans0.ltrans.o
 .bss.oled_rotation
                0x000000000080021f        0x1 C:\Users\Admin\AppData\Local\Temp\ccumvrk1.ltrans0.ltrans.o
 .bss.oled_scrolling
                0x0000000000800220        0x1 C:\Users\Admin\AppData\Local\Temp\ccumvrk1.ltrans0.ltrans.o
 .bss.last_led_status.2224
                0x0000000000800221        0x1 C:\Users\Admin\AppData\Local\Temp\ccumvrk1.ltrans0.ltrans.o
 .bss.mousekey_wheel_repeat
                0x0000000000800222        0x1 C:\Users\Admin\AppData\Local\Temp\ccumvrk1.ltrans0.ltrans.o
 .bss.mousekey_repeat
                0x0000000000800223        0x1 C:\Users\Admin\AppData\Local\Temp\ccumvrk1.ltrans0.ltrans.o
 .bss.mousekey_accel
                0x0000000000800224        0x1 C:\Users\Admin\AppData\Local\Temp\ccumvrk1.ltrans0.ltrans.o
 .bss.last_timer_w
                0x0000000000800225        0x2 C:\Users\Admin\AppData\Local\Temp\ccumvrk1.ltrans0.ltrans.o
 .bss.last_timer_c
                0x0000000000800227        0x2 C:\Users\Admin\AppData\Local\Temp\ccumvrk1.ltrans0.ltrans.o
 .bss.mouse_report
                0x0000000000800229        0x6 C:\Users\Admin\AppData\Local\Temp\ccumvrk1.ltrans0.ltrans.o
 .bss.animation_status
                0x000000000080022f        0x6 C:\Users\Admin\AppData\Local\Temp\ccumvrk1.ltrans0.ltrans.o
 .bss.rgblight_status
                0x0000000000800235        0x2 C:\Users\Admin\AppData\Local\Temp\ccumvrk1.ltrans0.ltrans.o
 .bss.led       0x0000000000800237       0x33 C:\Users\Admin\AppData\Local\Temp\ccumvrk1.ltrans0.ltrans.o
 .bss.rgblight_config
                0x000000000080026a        0x5 C:\Users\Admin\AppData\Local\Temp\ccumvrk1.ltrans0.ltrans.o
 .bss.oled_timeout
                0x000000000080026f        0x4 C:\Users\Admin\AppData\Local\Temp\ccumvrk1.ltrans0.ltrans.o
 .bss.oled_active
                0x0000000000800273        0x1 C:\Users\Admin\AppData\Local\Temp\ccumvrk1.ltrans0.ltrans.o
 .bss.oled_initialized
                0x0000000000800274        0x1 C:\Users\Admin\AppData\Local\Temp\ccumvrk1.ltrans0.ltrans.o
 .bss.driver    0x0000000000800275        0x2 C:\Users\Admin\AppData\Local\Temp\ccumvrk1.ltrans0.ltrans.o
 .bss.wdt_timeout
                0x0000000000800277        0x1 C:\Users\Admin\AppData\Local\Temp\ccumvrk1.ltrans0.ltrans.o
 .bss.timer_count
                0x0000000000800278        0x4 C:\Users\Admin\AppData\Local\Temp\ccumvrk1.ltrans0.ltrans.o
 .bss.USB_IsInitialized
                0x000000000080027c        0x1 C:\Users\Admin\AppData\Local\Temp\ccumvrk1.ltrans0.ltrans.o
 .bss.keyboard_idle
                0x000000000080027d        0x1 C:\Users\Admin\AppData\Local\Temp\ccumvrk1.ltrans0.ltrans.o
 .bss.keyboard_led_state
                0x000000000080027e        0x1 C:\Users\Admin\AppData\Local\Temp\ccumvrk1.ltrans0.ltrans.o
 .bss.keyboard_report_sent
                0x000000000080027f        0x8 C:\Users\Admin\AppData\Local\Temp\ccumvrk1.ltrans0.ltrans.o
 .bss.USB_Device_CurrentlySelfPowered
                0x0000000000800287        0x1 C:\Users\Admin\AppData\Local\Temp\ccumvrk1.ltrans0.ltrans.o
 .bss.USB_Device_RemoteWakeupEnabled
                0x0000000000800288        0x1 C:\Users\Admin\AppData\Local\Temp\ccumvrk1.ltrans0.ltrans.o
 .bss.USB_DeviceState
                0x0000000000800289        0x1 C:\Users\Admin\AppData\Local\Temp\ccumvrk1.ltrans0.ltrans.o
 .bss.USB_Device_ConfigurationNumber
                0x000000000080028a        0x1 C:\Users\Admin\AppData\Local\Temp\ccumvrk1.ltrans0.ltrans.o
 .bss.USB_ControlRequest
                0x000000000080028b        0x8 C:\Users\Admin\AppData\Local\Temp\ccumvrk1.ltrans0.ltrans.o
 .bss.sc_timer  0x0000000000800293        0x2 C:\Users\Admin\AppData\Local\Temp\ccumvrk1.ltrans0.ltrans.o
 .bss.sc_last   0x0000000000800295        0x1 C:\Users\Admin\AppData\Local\Temp\ccumvrk1.ltrans0.ltrans.o
 .bss.oled_rotation_width
                0x0000000000800296        0x1 C:\Users\Admin\AppData\Local\Temp\ccumvrk1.ltrans0.ltrans.o
 .bss.oled_temp_buffer.2204
                0x0000000000800297        0x6 C:\Users\Admin\AppData\Local\Temp\ccumvrk1.ltrans0.ltrans.o
 .bss.oled_dirty
                0x000000000080029d        0x2 C:\Users\Admin\AppData\Local\Temp\ccumvrk1.ltrans0.ltrans.o
 .bss.oled_buffer
                0x000000000080029f      0x200 C:\Users\Admin\AppData\Local\Temp\ccumvrk1.ltrans0.ltrans.o
 .bss.oled_cursor
                0x000000000080049f        0x2 C:\Users\Admin\AppData\Local\Temp\ccumvrk1.ltrans0.ltrans.o
 *(COMMON)
                0x00000000008004a1                PROVIDE (__bss_end = .)
                0x000000000000611a                __data_load_start = LOADADDR (.data)
                0x0000000000006162                __data_load_end = (__data_load_start + SIZEOF (.data))

.noinit         0x00000000008004a1        0x4
                [!provide]                        PROVIDE (__noinit_start = .)
 *(.noinit*)
 .noinit        0x00000000008004a1        0x4 C:\Users\Admin\AppData\Local\Temp\ccumvrk1.ltrans0.ltrans.o
                [!provide]                        PROVIDE (__noinit_end = .)
                0x00000000008004a5                _end = .
                [!provide]                        PROVIDE (__heap_start = .)

.eeprom         0x0000000000810000        0x0
 *(.eeprom*)
                0x0000000000810000                __eeprom_end = .

.fuse
 *(.fuse)
 *(.lfuse)
 *(.hfuse)
 *(.efuse)

.lock
 *(.lock*)

.signature
 *(.signature*)

.stab
 *(.stab)

.stabstr
 *(.stabstr)

.stab.excl
 *(.stab.excl)

.stab.exclstr
 *(.stab.exclstr)

.stab.index
 *(.stab.index)

.stab.indexstr
 *(.stab.indexstr)

.comment        0x0000000000000000       0x11
 *(.comment)
 .comment       0x0000000000000000       0x12 C:\Users\Admin\AppData\Local\Temp\ccumvrk1.ltrans0.ltrans.o
 .comment       0x0000000000000000       0x11 .build/obj_trongdong_default/i2c_master.a(i2c_master.o)
                                         0x12 (size before relaxing)
 .comment       0x0000000000000011       0x12 c:/qmk_msys/mingw64/bin/../lib/gcc/avr/8.4.0/../../../../avr/lib/avr5\libc.a(sprintf.o)
 .comment       0x0000000000000011       0x12 c:/qmk_msys/mingw64/bin/../lib/gcc/avr/8.4.0/../../../../avr/lib/avr5\libc.a(vfprintf_std.o)
 .comment       0x0000000000000011       0x12 c:/qmk_msys/mingw64/bin/../lib/gcc/avr/8.4.0/../../../../avr/lib/avr5\libc.a(fputc.o)

.note.gnu.avr.deviceinfo
                0x0000000000000000       0x40
 .note.gnu.avr.deviceinfo
                0x0000000000000000       0x40 c:/qmk_msys/mingw64/bin/../lib/gcc/avr/8.4.0/../../../../avr/lib/avr5/crtatmega32u4.o

.note.gnu.build-id
 *(.note.gnu.build-id)

.debug
 *(.debug)

.line
 *(.line)

.debug_srcinfo
 *(.debug_srcinfo)

.debug_sfnames
 *(.debug_sfnames)

.debug_aranges  0x0000000000000000      0x340
 *(.debug_aranges)
 .debug_aranges
                0x0000000000000000      0x2c8 C:\Users\Admin\AppData\Local\Temp\ccumvrk1.ltrans0.ltrans.o
 .debug_aranges
                0x00000000000002c8       0x78 .build/obj_trongdong_default/i2c_master.a(i2c_master.o)

.debug_pubnames
 *(.debug_pubnames)

.debug_info     0x0000000000000000    0x29092
 *(.debug_info .gnu.linkonce.wi.*)
 .debug_info    0x0000000000000000      0x9f4 c:/qmk_msys/mingw64/bin/../lib/gcc/avr/8.4.0/../../../../avr/lib/avr5/crtatmega32u4.o
 .debug_info    0x00000000000009f4    0x1fa51 C:\Users\Admin\AppData\Local\Temp\cciiuStYdebugobj
                0x00000000000009f4                trongdong.c.3732a036
                0x00000000000011af                default_keyboard.c.be07b1de
                0x000000000000196a                keymap.c.56c2ee3c
                0x000000000000374b                quantum.c.ee719d5f
                0x0000000000005609                send_string.c.75852942
                0x0000000000006600                bitwise.c.7afc1645
                0x00000000000067c9                led.c.9569326f
                0x0000000000006a71                action.c.50245f92
                0x0000000000007dc3                action_layer.c.d2de39c2
                0x00000000000088fe                action_tapping.c.8cbdcbd9
                0x0000000000008a55                action_util.c.6a667178
                0x0000000000008f82                eeconfig.c.bce93530
                0x00000000000091fd                keyboard.c.c1efd543
                0x0000000000009d07                keymap_common.c.60d0c231
                0x000000000000baea                keycode_config.c.5e54a5df
                0x000000000000c102                sync_timer.c.b92acc8c
                0x000000000000c17e                debug.c.229cc86c
                0x000000000000c288                sendchar.c.e17d35cb
                0x000000000000c30f                bootmagic_lite.c.a5ca3bb4
                0x000000000000cb5b                magic.c.47880145
                0x000000000000cfc1                matrix_common.c.da03c1d7
                0x000000000000d996                matrix.c.a43050a7
                0x000000000000e3bd                sym_defer_g.c.5ccfbfa9
                0x000000000000ec4b                main.c.ce284e13
                0x000000000000ecca                mousekey.c.492c08d8
                0x000000000000f0de                color.c.14ab7c85
                0x000000000000f2fd                rgblight.c.d05d3d97
                0x0000000000010618                process_rgb.c.3ff36680
                0x00000000000120e5                ws2812.c.b41b0a9e
                0x00000000000122a2                led_tables.c.8d2a9967
                0x000000000001232f                ssd1306_sh1106.c.182fe52e
                0x0000000000012e3d                process_magic.c.8b70a45f
                0x00000000000143f6                process_grave_esc.c.6ea023e0
                0x0000000000015e28                process_space_cadet.c.4038a998
                0x0000000000017861                wpm.c.072837c7
                0x00000000000192ea                printf.c.73db241f
                0x00000000000193b1                host.c.30d648bc
                0x0000000000019fe7                report.c.9130edaa
                0x000000000001a8dd                usb_device_state.c.8bf5366a
                0x000000000001aa5c                usb_util.c.05e2c93c
                0x000000000001b23d                suspend.c.6a55bfb4
                0x000000000001b301                hardware_id.c.fdad8555
                0x000000000001b3e8                platform.c.b042dd07
                0x000000000001b45d                suspend.c.1e7be4de
                0x000000000001b94b                timer.c.ff48b6a2
                0x000000000001bb54                dfu.c.fab90435
                0x000000000001bc60                lufa.c.c8a6d7cc
                0x000000000001cd5e                usb_descriptor.c.7abcad29
                0x000000000001d687                HIDParser.c.ea4415e8
                0x000000000001dcf6                Device_AVR8.c.45aa4c50
                0x000000000001de56                EndpointStream_AVR8.c.1f7e5d4a
                0x000000000001e969                Endpoint_AVR8.c.39e5fb0d
                0x000000000001ed99                Host_AVR8.c.d7fa0d12
                0x000000000001edef                PipeStream_AVR8.c.ba63faaf
                0x000000000001ee45                Pipe_AVR8.c.839970d7
                0x000000000001ee9b                USBController_AVR8.c.53306b77
                0x000000000001f1b8                USBInterrupt_AVR8.c.96f268df
                0x000000000001f541                ConfigDescriptors.c.9e39b56a
                0x000000000001f89b                DeviceStandardReq.c.89f7b04e
                0x000000000001fe37                Events.c.391bf478
                0x000000000001fee7                HostStandardReq.c.f49d9423
                0x000000000001ff3d                USBTask.c.ccc50cbd
                0x000000000002012d                usb_util.c.173397ec
 .debug_info    0x0000000000020445     0x81ae C:\Users\Admin\AppData\Local\Temp\ccumvrk1.ltrans0.ltrans.o
 .debug_info    0x00000000000285f3      0xa9f .build/obj_trongdong_default/i2c_master.a(i2c_master.o)

.debug_abbrev   0x0000000000000000     0x697b
 *(.debug_abbrev)
 .debug_abbrev  0x0000000000000000      0x96a c:/qmk_msys/mingw64/bin/../lib/gcc/avr/8.4.0/../../../../avr/lib/avr5/crtatmega32u4.o
 .debug_abbrev  0x000000000000096a     0x5a22 C:\Users\Admin\AppData\Local\Temp\cciiuStYdebugobj
 .debug_abbrev  0x000000000000638c      0x379 C:\Users\Admin\AppData\Local\Temp\ccumvrk1.ltrans0.ltrans.o
 .debug_abbrev  0x0000000000006705      0x276 .build/obj_trongdong_default/i2c_master.a(i2c_master.o)

.debug_line     0x0000000000000000    0x10da3
 *(.debug_line .debug_line.* .debug_line_end)
 .debug_line    0x0000000000000000       0x1d c:/qmk_msys/mingw64/bin/../lib/gcc/avr/8.4.0/../../../../avr/lib/avr5/crtatmega32u4.o
 .debug_line    0x000000000000001d     0x5038 C:\Users\Admin\AppData\Local\Temp\cciiuStYdebugobj
 .debug_line    0x0000000000005055     0xae9f C:\Users\Admin\AppData\Local\Temp\ccumvrk1.ltrans0.ltrans.o
 .debug_line    0x000000000000fef4      0xeaf .build/obj_trongdong_default/i2c_master.a(i2c_master.o)

.debug_frame    0x0000000000000000      0x974
 *(.debug_frame)
 .debug_frame   0x0000000000000000      0x7cc C:\Users\Admin\AppData\Local\Temp\ccumvrk1.ltrans0.ltrans.o
 .debug_frame   0x00000000000007cc      0x1a8 .build/obj_trongdong_default/i2c_master.a(i2c_master.o)

.debug_str      0x0000000000000000     0x8647
 *(.debug_str)
 .debug_str     0x0000000000000000      0x371 c:/qmk_msys/mingw64/bin/../lib/gcc/avr/8.4.0/../../../../avr/lib/avr5/crtatmega32u4.o
 .debug_str     0x0000000000000371     0x7f13 C:\Users\Admin\AppData\Local\Temp\cciiuStYdebugobj
                                      0x26877 (size before relaxing)
 .debug_str     0x0000000000008284      0x126 C:\Users\Admin\AppData\Local\Temp\ccumvrk1.ltrans0.ltrans.o
                                        0x154 (size before relaxing)
 .debug_str     0x00000000000083aa      0x29d .build/obj_trongdong_default/i2c_master.a(i2c_master.o)
                                        0x2f5 (size before relaxing)

.debug_loc      0x0000000000000000     0x7a17
 *(.debug_loc)
 .debug_loc     0x0000000000000000     0x6c7b C:\Users\Admin\AppData\Local\Temp\ccumvrk1.ltrans0.ltrans.o
 .debug_loc     0x0000000000006c7b      0xd9c .build/obj_trongdong_default/i2c_master.a(i2c_master.o)

.debug_macinfo
 *(.debug_macinfo)

.debug_weaknames
 *(.debug_weaknames)

.debug_funcnames
 *(.debug_funcnames)

.debug_typenames
 *(.debug_typenames)

.debug_varnames
 *(.debug_varnames)

.debug_pubtypes
 *(.debug_pubtypes)

.debug_ranges   0x0000000000000000     0x1c50
 *(.debug_ranges)
 .debug_ranges  0x0000000000000000     0x1b30 C:\Users\Admin\AppData\Local\Temp\ccumvrk1.ltrans0.ltrans.o
 .debug_ranges  0x0000000000001b30      0x120 .build/obj_trongdong_default/i2c_master.a(i2c_master.o)

.debug_macro
 *(.debug_macro)

.debug_addr
 *(.debug_addr)
OUTPUT(.build/trongdong_default.elf elf32-avr)
LOAD linker stubs

Cross Reference Table

Symbol                                            File
CALLBACK_HIDParser_FilterHIDReportItem            .build/obj_trongdong_default/lib/lufa/LUFA/Drivers/USB/Class/Common/HIDParser.o (symbol from plugin)
CALLBACK_USB_GetDescriptor                        .build/obj_trongdong_default/lufa.o (symbol from plugin)
                                                  .build/obj_trongdong_default/lib/lufa/LUFA/Drivers/USB/Core/DeviceStandardReq.o (symbol from plugin)
CIE1931_CURVE                                     .build/obj_trongdong_default/quantum/led_tables.o (symbol from plugin)
                                                  .build/obj_trongdong_default/quantum/color.o (symbol from plugin)
ConfigDescriptors.c.9e39b56a                      C:\Users\Admin\AppData\Local\Temp\cciiuStYdebugobj
ConfigurationDescriptor                           .build/obj_trongdong_default/usb_descriptor.o (symbol from plugin)
DeviceDescriptor                                  .build/obj_trongdong_default/usb_descriptor.o (symbol from plugin)
DeviceStandardReq.c.89f7b04e                      C:\Users\Admin\AppData\Local\Temp\cciiuStYdebugobj
                                                  C:\Users\Admin\AppData\Local\Temp\ccumvrk1.ltrans0.ltrans.o
Device_AVR8.c.45aa4c50                            C:\Users\Admin\AppData\Local\Temp\cciiuStYdebugobj
                                                  C:\Users\Admin\AppData\Local\Temp\ccumvrk1.ltrans0.ltrans.o
EVENT_USB_Device_ConfigurationChanged             .build/obj_trongdong_default/lufa.o (symbol from plugin)
                                                  .build/obj_trongdong_default/lib/lufa/LUFA/Drivers/USB/Core/DeviceStandardReq.o (symbol from plugin)
EVENT_USB_Device_Connect                          .build/obj_trongdong_default/lufa.o (symbol from plugin)
                                                  .build/obj_trongdong_default/lib/lufa/LUFA/Drivers/USB/Core/AVR8/USBInterrupt_AVR8.o (symbol from plugin)
EVENT_USB_Device_ControlRequest                   .build/obj_trongdong_default/lufa.o (symbol from plugin)
                                                  .build/obj_trongdong_default/lib/lufa/LUFA/Drivers/USB/Core/DeviceStandardReq.o (symbol from plugin)
EVENT_USB_Device_Disconnect                       .build/obj_trongdong_default/lufa.o (symbol from plugin)
                                                  .build/obj_trongdong_default/lib/lufa/LUFA/Drivers/USB/Core/AVR8/USBInterrupt_AVR8.o (symbol from plugin)
EVENT_USB_Device_Reset                            .build/obj_trongdong_default/lufa.o (symbol from plugin)
                                                  .build/obj_trongdong_default/lib/lufa/LUFA/Drivers/USB/Core/AVR8/USBInterrupt_AVR8.o (symbol from plugin)
EVENT_USB_Device_StartOfFrame                     .build/obj_trongdong_default/lib/lufa/LUFA/Drivers/USB/Core/Events.o (symbol from plugin)
                                                  .build/obj_trongdong_default/lib/lufa/LUFA/Drivers/USB/Core/AVR8/USBInterrupt_AVR8.o (symbol from plugin)
EVENT_USB_Device_Suspend                          .build/obj_trongdong_default/lufa.o (symbol from plugin)
                                                  .build/obj_trongdong_default/lib/lufa/LUFA/Drivers/USB/Core/AVR8/USBInterrupt_AVR8.o (symbol from plugin)
EVENT_USB_Device_WakeUp                           .build/obj_trongdong_default/lufa.o (symbol from plugin)
                                                  .build/obj_trongdong_default/lib/lufa/LUFA/Drivers/USB/Core/AVR8/USBInterrupt_AVR8.o (symbol from plugin)
EndpointStream_AVR8.c.1f7e5d4a                    C:\Users\Admin\AppData\Local\Temp\cciiuStYdebugobj
                                                  C:\Users\Admin\AppData\Local\Temp\ccumvrk1.ltrans0.ltrans.o
Endpoint_AVR8.c.39e5fb0d                          C:\Users\Admin\AppData\Local\Temp\cciiuStYdebugobj
                                                  C:\Users\Admin\AppData\Local\Temp\ccumvrk1.ltrans0.ltrans.o
Endpoint_ClearEndpoints                           .build/obj_trongdong_default/lib/lufa/LUFA/Drivers/USB/Core/AVR8/Endpoint_AVR8.o (symbol from plugin)
Endpoint_ClearStatusStage                         .build/obj_trongdong_default/lib/lufa/LUFA/Drivers/USB/Core/AVR8/Endpoint_AVR8.o (symbol from plugin)
                                                  .build/obj_trongdong_default/lib/lufa/LUFA/Drivers/USB/Core/DeviceStandardReq.o (symbol from plugin)
                                                  .build/obj_trongdong_default/lufa.o (symbol from plugin)
Endpoint_ConfigureEndpointTable                   .build/obj_trongdong_default/lib/lufa/LUFA/Drivers/USB/Core/AVR8/Endpoint_AVR8.o (symbol from plugin)
Endpoint_ConfigureEndpoint_Prv                    .build/obj_trongdong_default/lib/lufa/LUFA/Drivers/USB/Core/AVR8/Endpoint_AVR8.o (symbol from plugin)
                                                  .build/obj_trongdong_default/lib/lufa/LUFA/Drivers/USB/Core/AVR8/USBInterrupt_AVR8.o (symbol from plugin)
                                                  .build/obj_trongdong_default/lib/lufa/LUFA/Drivers/USB/Core/AVR8/USBController_AVR8.o (symbol from plugin)
                                                  .build/obj_trongdong_default/lufa.o (symbol from plugin)
Endpoint_Discard_Stream                           .build/obj_trongdong_default/lib/lufa/LUFA/Drivers/USB/Core/AVR8/EndpointStream_AVR8.o (symbol from plugin)
Endpoint_Null_Stream                              .build/obj_trongdong_default/lib/lufa/LUFA/Drivers/USB/Core/AVR8/EndpointStream_AVR8.o (symbol from plugin)
Endpoint_Read_Control_EStream_BE                  .build/obj_trongdong_default/lib/lufa/LUFA/Drivers/USB/Core/AVR8/EndpointStream_AVR8.o (symbol from plugin)
Endpoint_Read_Control_EStream_LE                  .build/obj_trongdong_default/lib/lufa/LUFA/Drivers/USB/Core/AVR8/EndpointStream_AVR8.o (symbol from plugin)
Endpoint_Read_Control_Stream_BE                   .build/obj_trongdong_default/lib/lufa/LUFA/Drivers/USB/Core/AVR8/EndpointStream_AVR8.o (symbol from plugin)
Endpoint_Read_Control_Stream_LE                   .build/obj_trongdong_default/lib/lufa/LUFA/Drivers/USB/Core/AVR8/EndpointStream_AVR8.o (symbol from plugin)
Endpoint_Read_EStream_BE                          .build/obj_trongdong_default/lib/lufa/LUFA/Drivers/USB/Core/AVR8/EndpointStream_AVR8.o (symbol from plugin)
Endpoint_Read_EStream_LE                          .build/obj_trongdong_default/lib/lufa/LUFA/Drivers/USB/Core/AVR8/EndpointStream_AVR8.o (symbol from plugin)
Endpoint_Read_Stream_BE                           .build/obj_trongdong_default/lib/lufa/LUFA/Drivers/USB/Core/AVR8/EndpointStream_AVR8.o (symbol from plugin)
Endpoint_Read_Stream_LE                           .build/obj_trongdong_default/lib/lufa/LUFA/Drivers/USB/Core/AVR8/EndpointStream_AVR8.o (symbol from plugin)
Endpoint_WaitUntilReady                           .build/obj_trongdong_default/lib/lufa/LUFA/Drivers/USB/Core/AVR8/Endpoint_AVR8.o (symbol from plugin)
                                                  .build/obj_trongdong_default/lib/lufa/LUFA/Drivers/USB/Core/AVR8/EndpointStream_AVR8.o (symbol from plugin)
Endpoint_Write_Control_EStream_BE                 .build/obj_trongdong_default/lib/lufa/LUFA/Drivers/USB/Core/AVR8/EndpointStream_AVR8.o (symbol from plugin)
Endpoint_Write_Control_EStream_LE                 .build/obj_trongdong_default/lib/lufa/LUFA/Drivers/USB/Core/AVR8/EndpointStream_AVR8.o (symbol from plugin)
Endpoint_Write_Control_PStream_BE                 .build/obj_trongdong_default/lib/lufa/LUFA/Drivers/USB/Core/AVR8/EndpointStream_AVR8.o (symbol from plugin)
Endpoint_Write_Control_PStream_LE                 .build/obj_trongdong_default/lib/lufa/LUFA/Drivers/USB/Core/AVR8/EndpointStream_AVR8.o (symbol from plugin)
                                                  .build/obj_trongdong_default/lib/lufa/LUFA/Drivers/USB/Core/DeviceStandardReq.o (symbol from plugin)
Endpoint_Write_Control_Stream_BE                  .build/obj_trongdong_default/lib/lufa/LUFA/Drivers/USB/Core/AVR8/EndpointStream_AVR8.o (symbol from plugin)
Endpoint_Write_Control_Stream_LE                  .build/obj_trongdong_default/lib/lufa/LUFA/Drivers/USB/Core/AVR8/EndpointStream_AVR8.o (symbol from plugin)
                                                  .build/obj_trongdong_default/lib/lufa/LUFA/Drivers/USB/Core/DeviceStandardReq.o (symbol from plugin)
                                                  .build/obj_trongdong_default/lufa.o (symbol from plugin)
Endpoint_Write_EStream_BE                         .build/obj_trongdong_default/lib/lufa/LUFA/Drivers/USB/Core/AVR8/EndpointStream_AVR8.o (symbol from plugin)
Endpoint_Write_EStream_LE                         .build/obj_trongdong_default/lib/lufa/LUFA/Drivers/USB/Core/AVR8/EndpointStream_AVR8.o (symbol from plugin)
Endpoint_Write_PStream_BE                         .build/obj_trongdong_default/lib/lufa/LUFA/Drivers/USB/Core/AVR8/EndpointStream_AVR8.o (symbol from plugin)
Endpoint_Write_PStream_LE                         .build/obj_trongdong_default/lib/lufa/LUFA/Drivers/USB/Core/AVR8/EndpointStream_AVR8.o (symbol from plugin)
Endpoint_Write_Stream_BE                          .build/obj_trongdong_default/lib/lufa/LUFA/Drivers/USB/Core/AVR8/EndpointStream_AVR8.o (symbol from plugin)
Endpoint_Write_Stream_LE                          .build/obj_trongdong_default/lib/lufa/LUFA/Drivers/USB/Core/AVR8/EndpointStream_AVR8.o (symbol from plugin)
                                                  .build/obj_trongdong_default/lufa.o (symbol from plugin)
Events.c.391bf478                                 C:\Users\Admin\AppData\Local\Temp\cciiuStYdebugobj
                                                  C:\Users\Admin\AppData\Local\Temp\ccumvrk1.ltrans0.ltrans.o
HIDParser.c.ea4415e8                              C:\Users\Admin\AppData\Local\Temp\cciiuStYdebugobj
HostStandardReq.c.f49d9423                        C:\Users\Admin\AppData\Local\Temp\cciiuStYdebugobj
Host_AVR8.c.d7fa0d12                              C:\Users\Admin\AppData\Local\Temp\cciiuStYdebugobj
KeyboardReport                                    .build/obj_trongdong_default/usb_descriptor.o (symbol from plugin)
LanguageString                                    .build/obj_trongdong_default/usb_descriptor.o (symbol from plugin)
ManufacturerString                                .build/obj_trongdong_default/usb_descriptor.o (symbol from plugin)
PipeStream_AVR8.c.ba63faaf                        C:\Users\Admin\AppData\Local\Temp\cciiuStYdebugobj
Pipe_AVR8.c.839970d7                              C:\Users\Admin\AppData\Local\Temp\cciiuStYdebugobj
ProductString                                     .build/obj_trongdong_default/usb_descriptor.o (symbol from plugin)
RGBLED_BREATHING_INTERVALS                        .build/obj_trongdong_default/quantum/rgblight/rgblight.o (symbol from plugin)
RGBLED_RAINBOW_MOOD_INTERVALS                     .build/obj_trongdong_default/quantum/rgblight/rgblight.o (symbol from plugin)
RGBLED_RAINBOW_SWIRL_INTERVALS                    .build/obj_trongdong_default/quantum/rgblight/rgblight.o (symbol from plugin)
SharedReport                                      .build/obj_trongdong_default/usb_descriptor.o (symbol from plugin)
USBController_AVR8.c.53306b77                     C:\Users\Admin\AppData\Local\Temp\cciiuStYdebugobj
                                                  C:\Users\Admin\AppData\Local\Temp\ccumvrk1.ltrans0.ltrans.o
USBInterrupt_AVR8.c.96f268df                      C:\Users\Admin\AppData\Local\Temp\cciiuStYdebugobj
                                                  C:\Users\Admin\AppData\Local\Temp\ccumvrk1.ltrans0.ltrans.o
USBTask.c.ccc50cbd                                C:\Users\Admin\AppData\Local\Temp\cciiuStYdebugobj
                                                  C:\Users\Admin\AppData\Local\Temp\ccumvrk1.ltrans0.ltrans.o
USB_ControlRequest                                .build/obj_trongdong_default/lib/lufa/LUFA/Drivers/USB/Core/USBTask.o (symbol from plugin)
                                                  .build/obj_trongdong_default/lib/lufa/LUFA/Drivers/USB/Core/DeviceStandardReq.o (symbol from plugin)
                                                  .build/obj_trongdong_default/lib/lufa/LUFA/Drivers/USB/Core/AVR8/Endpoint_AVR8.o (symbol from plugin)
                                                  .build/obj_trongdong_default/lib/lufa/LUFA/Drivers/USB/Core/AVR8/EndpointStream_AVR8.o (symbol from plugin)
                                                  .build/obj_trongdong_default/lufa.o (symbol from plugin)
USB_DeviceState                                   .build/obj_trongdong_default/lib/lufa/LUFA/Drivers/USB/Core/USBTask.o (symbol from plugin)
                                                  .build/obj_trongdong_default/protocol/lufa/usb_util.o (symbol from plugin)
                                                  .build/obj_trongdong_default/lib/lufa/LUFA/Drivers/USB/Core/DeviceStandardReq.o (symbol from plugin)
                                                  .build/obj_trongdong_default/lib/lufa/LUFA/Drivers/USB/Core/AVR8/USBInterrupt_AVR8.o (symbol from plugin)
                                                  .build/obj_trongdong_default/lib/lufa/LUFA/Drivers/USB/Core/AVR8/USBController_AVR8.o (symbol from plugin)
                                                  .build/obj_trongdong_default/lib/lufa/LUFA/Drivers/USB/Core/AVR8/Endpoint_AVR8.o (symbol from plugin)
                                                  .build/obj_trongdong_default/lib/lufa/LUFA/Drivers/USB/Core/AVR8/EndpointStream_AVR8.o (symbol from plugin)
                                                  .build/obj_trongdong_default/lufa.o (symbol from plugin)
                                                  .build/obj_trongdong_default/platforms/avr/suspend.o (symbol from plugin)
USB_Device_ConfigurationNumber                    .build/obj_trongdong_default/lib/lufa/LUFA/Drivers/USB/Core/DeviceStandardReq.o (symbol from plugin)
                                                  .build/obj_trongdong_default/lib/lufa/LUFA/Drivers/USB/Core/AVR8/USBInterrupt_AVR8.o (symbol from plugin)
                                                  .build/obj_trongdong_default/lib/lufa/LUFA/Drivers/USB/Core/AVR8/USBController_AVR8.o (symbol from plugin)
                                                  .build/obj_trongdong_default/lufa.o (symbol from plugin)
USB_Device_CurrentlySelfPowered                   .build/obj_trongdong_default/lib/lufa/LUFA/Drivers/USB/Core/DeviceStandardReq.o (symbol from plugin)
                                                  .build/obj_trongdong_default/lib/lufa/LUFA/Drivers/USB/Core/AVR8/USBController_AVR8.o (symbol from plugin)
USB_Device_ProcessControlRequest                  .build/obj_trongdong_default/lib/lufa/LUFA/Drivers/USB/Core/DeviceStandardReq.o (symbol from plugin)
                                                  .build/obj_trongdong_default/lib/lufa/LUFA/Drivers/USB/Core/USBTask.o (symbol from plugin)
                                                  .build/obj_trongdong_default/lib/lufa/LUFA/Drivers/USB/Core/AVR8/USBInterrupt_AVR8.o (symbol from plugin)
USB_Device_RemoteWakeupEnabled                    .build/obj_trongdong_default/lib/lufa/LUFA/Drivers/USB/Core/DeviceStandardReq.o (symbol from plugin)
                                                  .build/obj_trongdong_default/lib/lufa/LUFA/Drivers/USB/Core/AVR8/USBController_AVR8.o (symbol from plugin)
                                                  .build/obj_trongdong_default/lufa.o (symbol from plugin)
USB_Device_SendRemoteWakeup                       .build/obj_trongdong_default/lib/lufa/LUFA/Drivers/USB/Core/AVR8/Device_AVR8.o (symbol from plugin)
                                                  .build/obj_trongdong_default/lufa.o (symbol from plugin)
USB_Disable                                       .build/obj_trongdong_default/lib/lufa/LUFA/Drivers/USB/Core/AVR8/USBController_AVR8.o (symbol from plugin)
                                                  .build/obj_trongdong_default/protocol/lufa/usb_util.o (symbol from plugin)
                                                  .build/obj_trongdong_default/lufa.o (symbol from plugin)
USB_Event_Stub                                    .build/obj_trongdong_default/lib/lufa/LUFA/Drivers/USB/Core/Events.o (symbol from plugin)
USB_Event_Stub_2                                  .build/obj_trongdong_default/lib/lufa/LUFA/Drivers/USB/Core/Events.o (symbol from plugin)
USB_Event_Stub_3                                  .build/obj_trongdong_default/lib/lufa/LUFA/Drivers/USB/Core/Events.o (symbol from plugin)
USB_GetHIDReportItemInfo                          .build/obj_trongdong_default/lib/lufa/LUFA/Drivers/USB/Class/Common/HIDParser.o (symbol from plugin)
USB_GetHIDReportSize                              .build/obj_trongdong_default/lib/lufa/LUFA/Drivers/USB/Class/Common/HIDParser.o (symbol from plugin)
USB_GetNextDescriptorComp                         .build/obj_trongdong_default/lib/lufa/LUFA/Drivers/USB/Core/ConfigDescriptors.o (symbol from plugin)
USB_GetNextDescriptorOfType                       .build/obj_trongdong_default/lib/lufa/LUFA/Drivers/USB/Core/ConfigDescriptors.o (symbol from plugin)
USB_GetNextDescriptorOfTypeAfter                  .build/obj_trongdong_default/lib/lufa/LUFA/Drivers/USB/Core/ConfigDescriptors.o (symbol from plugin)
USB_GetNextDescriptorOfTypeBefore                 .build/obj_trongdong_default/lib/lufa/LUFA/Drivers/USB/Core/ConfigDescriptors.o (symbol from plugin)
USB_INT_ClearAllInterrupts                        .build/obj_trongdong_default/lib/lufa/LUFA/Drivers/USB/Core/AVR8/USBInterrupt_AVR8.o (symbol from plugin)
                                                  .build/obj_trongdong_default/lib/lufa/LUFA/Drivers/USB/Core/AVR8/USBController_AVR8.o (symbol from plugin)
USB_INT_DisableAllInterrupts                      .build/obj_trongdong_default/lib/lufa/LUFA/Drivers/USB/Core/AVR8/USBInterrupt_AVR8.o (symbol from plugin)
                                                  .build/obj_trongdong_default/lib/lufa/LUFA/Drivers/USB/Core/AVR8/USBController_AVR8.o (symbol from plugin)
USB_Init                                          .build/obj_trongdong_default/lib/lufa/LUFA/Drivers/USB/Core/AVR8/USBController_AVR8.o (symbol from plugin)
                                                  .build/obj_trongdong_default/lufa.o (symbol from plugin)
USB_IsInitialized                                 .build/obj_trongdong_default/lib/lufa/LUFA/Drivers/USB/Core/USBTask.o (symbol from plugin)
                                                  .build/obj_trongdong_default/lib/lufa/LUFA/Drivers/USB/Core/AVR8/USBController_AVR8.o (symbol from plugin)
                                                  .build/obj_trongdong_default/lufa.o (symbol from plugin)
USB_ProcessHIDReport                              .build/obj_trongdong_default/lib/lufa/LUFA/Drivers/USB/Class/Common/HIDParser.o (symbol from plugin)
USB_ResetInterface                                .build/obj_trongdong_default/lib/lufa/LUFA/Drivers/USB/Core/AVR8/USBController_AVR8.o (symbol from plugin)
USB_SetHIDReportItemInfo                          .build/obj_trongdong_default/lib/lufa/LUFA/Drivers/USB/Class/Common/HIDParser.o (symbol from plugin)
USB_USBTask                                       .build/obj_trongdong_default/lib/lufa/LUFA/Drivers/USB/Core/USBTask.o (symbol from plugin)
                                                  .build/obj_trongdong_default/lufa.o (symbol from plugin)
__bad_interrupt                                   c:/qmk_msys/mingw64/bin/../lib/gcc/avr/8.4.0/../../../../avr/lib/avr5/crtatmega32u4.o
__bss_end                                         c:/qmk_msys/mingw64/bin/../lib/gcc/avr/8.4.0/avr5\libgcc.a(_clear_bss.o)
__bss_start                                       c:/qmk_msys/mingw64/bin/../lib/gcc/avr/8.4.0/avr5\libgcc.a(_clear_bss.o)
__data_end                                        c:/qmk_msys/mingw64/bin/../lib/gcc/avr/8.4.0/avr5\libgcc.a(_copy_data.o)
__data_load_start                                 c:/qmk_msys/mingw64/bin/../lib/gcc/avr/8.4.0/avr5\libgcc.a(_copy_data.o)
__data_start                                      c:/qmk_msys/mingw64/bin/../lib/gcc/avr/8.4.0/avr5\libgcc.a(_copy_data.o)
__divmodhi4                                       c:/qmk_msys/mingw64/bin/../lib/gcc/avr/8.4.0/avr5\libgcc.a(_divmodhi4.o)
                                                  C:\Users\Admin\AppData\Local\Temp\ccumvrk1.ltrans0.ltrans.o
__divmodsi4                                       c:/qmk_msys/mingw64/bin/../lib/gcc/avr/8.4.0/avr5\libgcc.a(_divmodsi4.o)
                                                  C:\Users\Admin\AppData\Local\Temp\ccumvrk1.ltrans0.ltrans.o
__do_clear_bss                                    c:/qmk_msys/mingw64/bin/../lib/gcc/avr/8.4.0/avr5\libgcc.a(_clear_bss.o)
                                                  C:\Users\Admin\AppData\Local\Temp\ccumvrk1.ltrans0.ltrans.o
__do_copy_data                                    c:/qmk_msys/mingw64/bin/../lib/gcc/avr/8.4.0/avr5\libgcc.a(_copy_data.o)
                                                  C:\Users\Admin\AppData\Local\Temp\ccumvrk1.ltrans0.ltrans.o
__epilogue_restores__                             c:/qmk_msys/mingw64/bin/../lib/gcc/avr/8.4.0/avr5\libgcc.a(_epilogue.o)
                                                  c:/qmk_msys/mingw64/bin/../lib/gcc/avr/8.4.0/../../../../avr/lib/avr5\libc.a(vfprintf_std.o)
                                                  c:/qmk_msys/mingw64/bin/../lib/gcc/avr/8.4.0/../../../../avr/lib/avr5\libc.a(sprintf.o)
                                                  C:\Users\Admin\AppData\Local\Temp\ccumvrk1.ltrans0.ltrans.o
                                                  .build/obj_trongdong_default/i2c_master.a(i2c_master.o)
__heap_end                                        c:/qmk_msys/mingw64/bin/../lib/gcc/avr/8.4.0/../../../../avr/lib/avr5/crtatmega32u4.o
__init                                            c:/qmk_msys/mingw64/bin/../lib/gcc/avr/8.4.0/../../../../avr/lib/avr5/crtatmega32u4.o
__mulohisi3                                       c:/qmk_msys/mingw64/bin/../lib/gcc/avr/8.4.0/avr5\libgcc.a(_mulshisi3.o)
__mulshisi3                                       c:/qmk_msys/mingw64/bin/../lib/gcc/avr/8.4.0/avr5\libgcc.a(_mulshisi3.o)
                                                  C:\Users\Admin\AppData\Local\Temp\ccumvrk1.ltrans0.ltrans.o
__muluhisi3                                       c:/qmk_msys/mingw64/bin/../lib/gcc/avr/8.4.0/avr5\libgcc.a(_muluhisi3.o)
                                                  c:/qmk_msys/mingw64/bin/../lib/gcc/avr/8.4.0/avr5\libgcc.a(_mulshisi3.o)
                                                  C:\Users\Admin\AppData\Local\Temp\ccumvrk1.ltrans0.ltrans.o
__negsi2                                          c:/qmk_msys/mingw64/bin/../lib/gcc/avr/8.4.0/avr5\libgcc.a(_negsi2.o)
                                                  c:/qmk_msys/mingw64/bin/../lib/gcc/avr/8.4.0/avr5\libgcc.a(_divmodsi4.o)
__prologue_saves__                                c:/qmk_msys/mingw64/bin/../lib/gcc/avr/8.4.0/avr5\libgcc.a(_prologue.o)
                                                  c:/qmk_msys/mingw64/bin/../lib/gcc/avr/8.4.0/../../../../avr/lib/avr5\libc.a(vfprintf_std.o)
                                                  c:/qmk_msys/mingw64/bin/../lib/gcc/avr/8.4.0/../../../../avr/lib/avr5\libc.a(sprintf.o)
                                                  C:\Users\Admin\AppData\Local\Temp\ccumvrk1.ltrans0.ltrans.o
                                                  .build/obj_trongdong_default/i2c_master.a(i2c_master.o)
__stack                                           c:/qmk_msys/mingw64/bin/../lib/gcc/avr/8.4.0/../../../../avr/lib/avr5/crtatmega32u4.o
__tablejump2__                                    c:/qmk_msys/mingw64/bin/../lib/gcc/avr/8.4.0/avr5\libgcc.a(_tablejump2.o)
                                                  C:\Users\Admin\AppData\Local\Temp\ccumvrk1.ltrans0.ltrans.o
__udivmodhi4                                      c:/qmk_msys/mingw64/bin/../lib/gcc/avr/8.4.0/avr5\libgcc.a(_udivmodhi4.o)
                                                  c:/qmk_msys/mingw64/bin/../lib/gcc/avr/8.4.0/avr5\libgcc.a(_divmodhi4.o)
                                                  C:\Users\Admin\AppData\Local\Temp\ccumvrk1.ltrans0.ltrans.o
                                                  .build/obj_trongdong_default/i2c_master.a(i2c_master.o)
__udivmodqi4                                      c:/qmk_msys/mingw64/bin/../lib/gcc/avr/8.4.0/avr5\libgcc.a(_udivmodqi4.o)
                                                  C:\Users\Admin\AppData\Local\Temp\ccumvrk1.ltrans0.ltrans.o
__udivmodsi4                                      c:/qmk_msys/mingw64/bin/../lib/gcc/avr/8.4.0/avr5\libgcc.a(_udivmodsi4.o)
                                                  c:/qmk_msys/mingw64/bin/../lib/gcc/avr/8.4.0/avr5\libgcc.a(_divmodsi4.o)
                                                  C:\Users\Admin\AppData\Local\Temp\ccumvrk1.ltrans0.ltrans.o
__ultoa_invert                                    c:/qmk_msys/mingw64/bin/../lib/gcc/avr/8.4.0/../../../../avr/lib/avr5\libc.a(ultoa_invert.o)
                                                  c:/qmk_msys/mingw64/bin/../lib/gcc/avr/8.4.0/../../../../avr/lib/avr5\libc.a(vfprintf_std.o)
__umulhisi3                                       c:/qmk_msys/mingw64/bin/../lib/gcc/avr/8.4.0/avr5\libgcc.a(_umulhisi3.o)
                                                  c:/qmk_msys/mingw64/bin/../lib/gcc/avr/8.4.0/avr5\libgcc.a(_muluhisi3.o)
__vector_1                                        c:/qmk_msys/mingw64/bin/../lib/gcc/avr/8.4.0/../../../../avr/lib/avr5/crtatmega32u4.o
__vector_10                                       C:\Users\Admin\AppData\Local\Temp\ccumvrk1.ltrans0.ltrans.o
                                                  .build/obj_trongdong_default/lib/lufa/LUFA/Drivers/USB/Core/AVR8/USBInterrupt_AVR8.o (symbol from plugin)
                                                  c:/qmk_msys/mingw64/bin/../lib/gcc/avr/8.4.0/../../../../avr/lib/avr5/crtatmega32u4.o
__vector_11                                       C:\Users\Admin\AppData\Local\Temp\ccumvrk1.ltrans0.ltrans.o
                                                  .build/obj_trongdong_default/lib/lufa/LUFA/Drivers/USB/Core/AVR8/USBInterrupt_AVR8.o (symbol from plugin)
                                                  c:/qmk_msys/mingw64/bin/../lib/gcc/avr/8.4.0/../../../../avr/lib/avr5/crtatmega32u4.o
__vector_12                                       C:\Users\Admin\AppData\Local\Temp\ccumvrk1.ltrans0.ltrans.o
                                                  .build/obj_trongdong_default/platforms/avr/suspend.o (symbol from plugin)
                                                  c:/qmk_msys/mingw64/bin/../lib/gcc/avr/8.4.0/../../../../avr/lib/avr5/crtatmega32u4.o
__vector_13                                       c:/qmk_msys/mingw64/bin/../lib/gcc/avr/8.4.0/../../../../avr/lib/avr5/crtatmega32u4.o
__vector_14                                       c:/qmk_msys/mingw64/bin/../lib/gcc/avr/8.4.0/../../../../avr/lib/avr5/crtatmega32u4.o
__vector_15                                       c:/qmk_msys/mingw64/bin/../lib/gcc/avr/8.4.0/../../../../avr/lib/avr5/crtatmega32u4.o
__vector_16                                       c:/qmk_msys/mingw64/bin/../lib/gcc/avr/8.4.0/../../../../avr/lib/avr5/crtatmega32u4.o
__vector_17                                       c:/qmk_msys/mingw64/bin/../lib/gcc/avr/8.4.0/../../../../avr/lib/avr5/crtatmega32u4.o
__vector_18                                       c:/qmk_msys/mingw64/bin/../lib/gcc/avr/8.4.0/../../../../avr/lib/avr5/crtatmega32u4.o
__vector_19                                       c:/qmk_msys/mingw64/bin/../lib/gcc/avr/8.4.0/../../../../avr/lib/avr5/crtatmega32u4.o
__vector_2                                        c:/qmk_msys/mingw64/bin/../lib/gcc/avr/8.4.0/../../../../avr/lib/avr5/crtatmega32u4.o
__vector_20                                       c:/qmk_msys/mingw64/bin/../lib/gcc/avr/8.4.0/../../../../avr/lib/avr5/crtatmega32u4.o
__vector_21                                       C:\Users\Admin\AppData\Local\Temp\ccumvrk1.ltrans0.ltrans.o
                                                  .build/obj_trongdong_default/platforms/avr/timer.o (symbol from plugin)
                                                  c:/qmk_msys/mingw64/bin/../lib/gcc/avr/8.4.0/../../../../avr/lib/avr5/crtatmega32u4.o
__vector_22                                       c:/qmk_msys/mingw64/bin/../lib/gcc/avr/8.4.0/../../../../avr/lib/avr5/crtatmega32u4.o
__vector_23                                       c:/qmk_msys/mingw64/bin/../lib/gcc/avr/8.4.0/../../../../avr/lib/avr5/crtatmega32u4.o
__vector_24                                       c:/qmk_msys/mingw64/bin/../lib/gcc/avr/8.4.0/../../../../avr/lib/avr5/crtatmega32u4.o
__vector_25                                       c:/qmk_msys/mingw64/bin/../lib/gcc/avr/8.4.0/../../../../avr/lib/avr5/crtatmega32u4.o
__vector_26                                       c:/qmk_msys/mingw64/bin/../lib/gcc/avr/8.4.0/../../../../avr/lib/avr5/crtatmega32u4.o
__vector_27                                       c:/qmk_msys/mingw64/bin/../lib/gcc/avr/8.4.0/../../../../avr/lib/avr5/crtatmega32u4.o
__vector_28                                       c:/qmk_msys/mingw64/bin/../lib/gcc/avr/8.4.0/../../../../avr/lib/avr5/crtatmega32u4.o
__vector_29                                       c:/qmk_msys/mingw64/bin/../lib/gcc/avr/8.4.0/../../../../avr/lib/avr5/crtatmega32u4.o
__vector_3                                        c:/qmk_msys/mingw64/bin/../lib/gcc/avr/8.4.0/../../../../avr/lib/avr5/crtatmega32u4.o
__vector_30                                       c:/qmk_msys/mingw64/bin/../lib/gcc/avr/8.4.0/../../../../avr/lib/avr5/crtatmega32u4.o
__vector_31                                       c:/qmk_msys/mingw64/bin/../lib/gcc/avr/8.4.0/../../../../avr/lib/avr5/crtatmega32u4.o
__vector_32                                       c:/qmk_msys/mingw64/bin/../lib/gcc/avr/8.4.0/../../../../avr/lib/avr5/crtatmega32u4.o
__vector_33                                       c:/qmk_msys/mingw64/bin/../lib/gcc/avr/8.4.0/../../../../avr/lib/avr5/crtatmega32u4.o
__vector_34                                       c:/qmk_msys/mingw64/bin/../lib/gcc/avr/8.4.0/../../../../avr/lib/avr5/crtatmega32u4.o
__vector_35                                       c:/qmk_msys/mingw64/bin/../lib/gcc/avr/8.4.0/../../../../avr/lib/avr5/crtatmega32u4.o
__vector_36                                       c:/qmk_msys/mingw64/bin/../lib/gcc/avr/8.4.0/../../../../avr/lib/avr5/crtatmega32u4.o
__vector_37                                       c:/qmk_msys/mingw64/bin/../lib/gcc/avr/8.4.0/../../../../avr/lib/avr5/crtatmega32u4.o
__vector_38                                       c:/qmk_msys/mingw64/bin/../lib/gcc/avr/8.4.0/../../../../avr/lib/avr5/crtatmega32u4.o
__vector_39                                       c:/qmk_msys/mingw64/bin/../lib/gcc/avr/8.4.0/../../../../avr/lib/avr5/crtatmega32u4.o
__vector_4                                        c:/qmk_msys/mingw64/bin/../lib/gcc/avr/8.4.0/../../../../avr/lib/avr5/crtatmega32u4.o
__vector_40                                       c:/qmk_msys/mingw64/bin/../lib/gcc/avr/8.4.0/../../../../avr/lib/avr5/crtatmega32u4.o
__vector_41                                       c:/qmk_msys/mingw64/bin/../lib/gcc/avr/8.4.0/../../../../avr/lib/avr5/crtatmega32u4.o
__vector_42                                       c:/qmk_msys/mingw64/bin/../lib/gcc/avr/8.4.0/../../../../avr/lib/avr5/crtatmega32u4.o
__vector_5                                        c:/qmk_msys/mingw64/bin/../lib/gcc/avr/8.4.0/../../../../avr/lib/avr5/crtatmega32u4.o
__vector_6                                        c:/qmk_msys/mingw64/bin/../lib/gcc/avr/8.4.0/../../../../avr/lib/avr5/crtatmega32u4.o
__vector_7                                        c:/qmk_msys/mingw64/bin/../lib/gcc/avr/8.4.0/../../../../avr/lib/avr5/crtatmega32u4.o
__vector_8                                        c:/qmk_msys/mingw64/bin/../lib/gcc/avr/8.4.0/../../../../avr/lib/avr5/crtatmega32u4.o
__vector_9                                        c:/qmk_msys/mingw64/bin/../lib/gcc/avr/8.4.0/../../../../avr/lib/avr5/crtatmega32u4.o
__vector_default                                  c:/qmk_msys/mingw64/bin/../lib/gcc/avr/8.4.0/../../../../avr/lib/avr5/crtatmega32u4.o
__vectors                                         c:/qmk_msys/mingw64/bin/../lib/gcc/avr/8.4.0/../../../../avr/lib/avr5/crtatmega32u4.o
__xprintf                                         .build/obj_trongdong_default/platforms/avr/xprintf.o
_div                                              c:/qmk_msys/mingw64/bin/../lib/gcc/avr/8.4.0/avr5\libgcc.a(_divmodhi4.o)
_exit                                             c:/qmk_msys/mingw64/bin/../lib/gcc/avr/8.4.0/avr5\libgcc.a(_exit.o)
action.c.50245f92                                 C:\Users\Admin\AppData\Local\Temp\cciiuStYdebugobj
                                                  C:\Users\Admin\AppData\Local\Temp\ccumvrk1.ltrans0.ltrans.o
action_exec                                       .build/obj_trongdong_default/quantum/action.o (symbol from plugin)
                                                  .build/obj_trongdong_default/quantum/keyboard.o (symbol from plugin)
action_for_key                                    .build/obj_trongdong_default/quantum/keymap_common.o (symbol from plugin)
                                                  .build/obj_trongdong_default/quantum/action_layer.o (symbol from plugin)
action_for_keycode                                .build/obj_trongdong_default/quantum/keymap_common.o (symbol from plugin)
action_layer.c.d2de39c2                           C:\Users\Admin\AppData\Local\Temp\cciiuStYdebugobj
                                                  C:\Users\Admin\AppData\Local\Temp\ccumvrk1.ltrans0.ltrans.o
action_tapping.c.8cbdcbd9                         C:\Users\Admin\AppData\Local\Temp\cciiuStYdebugobj
action_util.c.6a667178                            C:\Users\Admin\AppData\Local\Temp\cciiuStYdebugobj
                                                  C:\Users\Admin\AppData\Local\Temp\ccumvrk1.ltrans0.ltrans.o
add_key                                           .build/obj_trongdong_default/quantum/action_util.o (symbol from plugin)
                                                  .build/obj_trongdong_default/quantum/process_keycode/process_grave_esc.o (symbol from plugin)
                                                  .build/obj_trongdong_default/quantum/action.o (symbol from plugin)
add_key_byte                                      .build/obj_trongdong_default/protocol/report.o (symbol from plugin)
add_key_to_report                                 .build/obj_trongdong_default/protocol/report.o (symbol from plugin)
                                                  .build/obj_trongdong_default/quantum/process_keycode/process_grave_esc.o (symbol from plugin)
                                                  .build/obj_trongdong_default/quantum/action_util.o (symbol from plugin)
                                                  .build/obj_trongdong_default/quantum/action.o (symbol from plugin)
add_mods                                          .build/obj_trongdong_default/quantum/action_util.o (symbol from plugin)
                                                  .build/obj_trongdong_default/quantum/action.o (symbol from plugin)
add_weak_mods                                     .build/obj_trongdong_default/quantum/action_util.o (symbol from plugin)
                                                  .build/obj_trongdong_default/quantum/action.o (symbol from plugin)
anim_sleep                                        .build/obj_trongdong_default/keyboards/trongdong/keymaps/default/keymap.o (symbol from plugin)
anim_timer                                        .build/obj_trongdong_default/keyboards/trongdong/keymaps/default/keymap.o (symbol from plugin)
animation_status                                  .build/obj_trongdong_default/quantum/rgblight/rgblight.o (symbol from plugin)
ascii_to_altgr_lut                                .build/obj_trongdong_default/quantum/send_string.o (symbol from plugin)
ascii_to_dead_lut                                 .build/obj_trongdong_default/quantum/send_string.o (symbol from plugin)
ascii_to_keycode_lut                              .build/obj_trongdong_default/quantum/send_string.o (symbol from plugin)
ascii_to_shift_lut                                .build/obj_trongdong_default/quantum/send_string.o (symbol from plugin)
biton                                             .build/obj_trongdong_default/quantum/bitwise.o (symbol from plugin)
biton16                                           .build/obj_trongdong_default/quantum/bitwise.o (symbol from plugin)
biton32                                           .build/obj_trongdong_default/quantum/bitwise.o (symbol from plugin)
bitpop                                            .build/obj_trongdong_default/quantum/bitwise.o (symbol from plugin)
                                                  .build/obj_trongdong_default/quantum/action_util.o (symbol from plugin)
bitpop16                                          .build/obj_trongdong_default/quantum/bitwise.o (symbol from plugin)
bitpop32                                          .build/obj_trongdong_default/quantum/bitwise.o (symbol from plugin)
bitrev                                            .build/obj_trongdong_default/quantum/bitwise.o (symbol from plugin)